Component: ARM Compiler 5.06 update 7 (build 960) Tool: armlink [4d3601]

==============================================================================

Section Cross References

    startup_stm32f407xx.o(STACK) refers (Special) to heapauxi.o(.text) for __use_two_region_memory
    startup_stm32f407xx.o(HEAP) refers (Special) to heapauxi.o(.text) for __use_two_region_memory
    startup_stm32f407xx.o(RESET) refers (Special) to heapauxi.o(.text) for __use_two_region_memory
    startup_stm32f407xx.o(RESET) refers to startup_stm32f407xx.o(STACK) for __initial_sp
    startup_stm32f407xx.o(RESET) refers to startup_stm32f407xx.o(.text) for Reset_Handler
    startup_stm32f407xx.o(RESET) refers to stm32f4xx_it.o(i.NMI_Handler) for NMI_Handler
    startup_stm32f407xx.o(RESET) refers to stm32f4xx_it.o(i.HardFault_Handler) for HardFault_Handler
    startup_stm32f407xx.o(RESET) refers to stm32f4xx_it.o(i.MemManage_Handler) for MemManage_Handler
    startup_stm32f407xx.o(RESET) refers to stm32f4xx_it.o(i.BusFault_Handler) for BusFault_Handler
    startup_stm32f407xx.o(RESET) refers to stm32f4xx_it.o(i.UsageFault_Handler) for UsageFault_Handler
    startup_stm32f407xx.o(RESET) refers to stm32f4xx_it.o(i.SVC_Handler) for SVC_Handler
    startup_stm32f407xx.o(RESET) refers to stm32f4xx_it.o(i.DebugMon_Handler) for DebugMon_Handler
    startup_stm32f407xx.o(RESET) refers to stm32f4xx_it.o(i.PendSV_Handler) for PendSV_Handler
    startup_stm32f407xx.o(RESET) refers to stm32f4xx_it.o(i.SysTick_Handler) for SysTick_Handler
    startup_stm32f407xx.o(RESET) refers to stm32f4xx_it.o(i.DMA1_Stream5_IRQHandler) for DMA1_Stream5_IRQHandler
    startup_stm32f407xx.o(RESET) refers to stm32f4xx_it.o(i.CAN1_RX0_IRQHandler) for CAN1_RX0_IRQHandler
    startup_stm32f407xx.o(RESET) refers to stm32f4xx_it.o(i.CAN1_RX1_IRQHandler) for CAN1_RX1_IRQHandler
    startup_stm32f407xx.o(RESET) refers to stm32f4xx_it.o(i.USART1_IRQHandler) for USART1_IRQHandler
    startup_stm32f407xx.o(RESET) refers to stm32f4xx_it.o(i.USART2_IRQHandler) for USART2_IRQHandler
    startup_stm32f407xx.o(RESET) refers to stm32f4xx_it.o(i.TIM6_DAC_IRQHandler) for TIM6_DAC_IRQHandler
    startup_stm32f407xx.o(RESET) refers to stm32f4xx_it.o(i.DMA2_Stream1_IRQHandler) for DMA2_Stream1_IRQHandler
    startup_stm32f407xx.o(RESET) refers to stm32f4xx_it.o(i.CAN2_RX0_IRQHandler) for CAN2_RX0_IRQHandler
    startup_stm32f407xx.o(RESET) refers to stm32f4xx_it.o(i.CAN2_RX1_IRQHandler) for CAN2_RX1_IRQHandler
    startup_stm32f407xx.o(RESET) refers to stm32f4xx_it.o(i.DMA2_Stream5_IRQHandler) for DMA2_Stream5_IRQHandler
    startup_stm32f407xx.o(RESET) refers to stm32f4xx_it.o(i.USART6_IRQHandler) for USART6_IRQHandler
    startup_stm32f407xx.o(.text) refers (Special) to heapauxi.o(.text) for __use_two_region_memory
    startup_stm32f407xx.o(.text) refers to system_stm32f4xx.o(i.SystemInit) for SystemInit
    startup_stm32f407xx.o(.text) refers to __main.o(!!!main) for __main
    startup_stm32f407xx.o(.text) refers to startup_stm32f407xx.o(HEAP) for Heap_Mem
    startup_stm32f407xx.o(.text) refers to startup_stm32f407xx.o(STACK) for Stack_Mem
    main.o(i.HAL_TIM_PeriodElapsedCallback) refers to dog.o(i.FC_Update_Leg) for FC_Update_Leg
    main.o(i.HAL_TIM_PeriodElapsedCallback) refers to dog.o(i.FC_Send_Torque) for FC_Send_Torque
    main.o(i.HAL_TIM_PeriodElapsedCallback) refers to dog.o(i.FC_Kinematic_Inversion) for FC_Kinematic_Inversion
    main.o(i.HAL_TIM_PeriodElapsedCallback) refers to dog.o(i.FC_Send_Pos_Slot) for FC_Send_Pos_Slot
    main.o(i.HAL_TIM_PeriodElapsedCallback) refers to walk.o(i.walk_enter) for walk_enter
    main.o(i.HAL_TIM_PeriodElapsedCallback) refers to walk.o(i.walk_run) for walk_run
    main.o(i.HAL_TIM_PeriodElapsedCallback) refers to d2f.o(x$fpl$d2f) for __aeabi_d2f
    main.o(i.HAL_TIM_PeriodElapsedCallback) refers to gld_can.o(i.unitree_setpara) for unitree_setpara
    main.o(i.HAL_TIM_PeriodElapsedCallback) refers to gld_can.o(i.unitree_CAN_Send) for unitree_CAN_Send
    main.o(i.HAL_TIM_PeriodElapsedCallback) refers to main.o(.data) for mode
    main.o(i.HAL_TIM_PeriodElapsedCallback) refers to dog.o(.bss) for fc_leg
    main.o(i.HAL_TIM_PeriodElapsedCallback) refers to yushu_app.o(.data) for kd
    main.o(i.HAL_TIM_PeriodElapsedCallback) refers to yushu_app.o(.bss) for leg
    main.o(i.HAL_TIM_PeriodElapsedCallback) refers to main.o(.bss) for send
    main.o(i.HAL_TIM_PeriodElapsedCallback) refers to can.o(.bss) for hcan2
    main.o(i.HAL_UART_ErrorCallback) refers to stm32f4xx_hal_uart.o(i.HAL_UART_Receive_DMA) for HAL_UART_Receive_DMA
    main.o(i.HAL_UART_ErrorCallback) refers to main.o(.bss) for sbus_rx_buffer
    main.o(i.HAL_UART_ErrorCallback) refers to usart.o(.bss) for huart1
    main.o(i.HAL_UART_RxCpltCallback) refers to main.o(.bss) for sbus_rx_buffer
    main.o(i.SystemClock_Config) refers to rt_memclr_w.o(.text) for __aeabi_memclr4
[...]
    DMA1_Stream5_IRQHandler                  0x080021d1   Thumb Code    10  stm32f4xx_it.o(i.DMA1_Stream5_IRQHandler)
    DMA2_Stream1_IRQHandler                  0x080021e1   Thumb Code    10  stm32f4xx_it.o(i.DMA2_Stream1_IRQHandler)
    DMA2_Stream5_IRQHandler                  0x080021f1   Thumb Code    10  stm32f4xx_it.o(i.DMA2_Stream5_IRQHandler)
    DWT_GetTick                              0x0800230d   Thumb Code    62  dwt_timing.o(i.DWT_GetTick)
    DWT_Init                                 0x08002361   Thumb Code    52  dwt_timing.o(i.DWT_Init)
    DebugMon_Handler                         0x080023ad   Thumb Code     2  stm32f4xx_it.o(i.DebugMon_Handler)
    Error_Handler                            0x080023af   Thumb Code     6  main.o(i.Error_Handler)
    FC_Init                                  0x080023b5   Thumb Code   146  dog.o(i.FC_Init)
    FC_Kinematic_Inversion                   0x0800246d   Thumb Code   240  dog.o(i.FC_Kinematic_Inversion)
    FC_Kinematic_Solution                    0x08002579   Thumb Code   638  dog.o(i.FC_Kinematic_Solution)
    FC_Motor_To_Joint                        0x0800281d   Thumb Code   124  dog.o(i.FC_Motor_To_Joint)
    FC_PD_Control                            0x0800289d   Thumb Code    82  dog.o(i.FC_PD_Control)
    FC_Send_Pos_Slot                         0x080028f1   Thumb Code   868  dog.o(i.FC_Send_Pos_Slot)
    FC_Send_Torque                           0x08002c65   Thumb Code   160  dog.o(i.FC_Send_Torque)
    FC_Update_Leg                            0x08002d15   Thumb Code    54  dog.o(i.FC_Update_Leg)
    FC_VMC_Jacobi                            0x08002d51   Thumb Code   372  dog.o(i.FC_VMC_Jacobi)
    HAL_CAN_ActivateNotification             0x08002ecd   Thumb Code    42  stm32f4xx_hal_can.o(i.HAL_CAN_ActivateNotification)
    HAL_CAN_AddTxMessage                     0x08002ef7   Thumb Code   330  stm32f4xx_hal_can.o(i.HAL_CAN_AddTxMessage)
    HAL_CAN_ConfigFilter                     0x08003041   Thumb Code   286  stm32f4xx_hal_can.o(i.HAL_CAN_ConfigFilter)
    HAL_CAN_ErrorCallback                    0x08003165   Thumb Code     2  stm32f4xx_hal_can.o(i.HAL_CAN_ErrorCallback)
    HAL_CAN_GetRxMessage                     0x08003167   Thumb Code   404  stm32f4xx_hal_can.o(i.HAL_CAN_GetRxMessage)
    HAL_CAN_IRQHandler                       0x080032fb   Thumb Code   590  stm32f4xx_hal_can.o(i.HAL_CAN_IRQHandler)
    HAL_CAN_Init                             0x08003549   Thumb Code   372  stm32f4xx_hal_can.o(i.HAL_CAN_Init)
    HAL_CAN_MspInit                          0x080036bd   Thumb Code   360  can.o(i.HAL_CAN_MspInit)
    HAL_CAN_RxFifo0FullCallback              0x0800383d   Thumb Code     2  stm32f4xx_hal_can.o(i.HAL_CAN_RxFifo0FullCallback)
    HAL_CAN_RxFifo0MsgPendingCallback        0x08003841   Thumb Code   238  gld_can.o(i.HAL_CAN_RxFifo0MsgPendingCallback)
    HAL_CAN_RxFifo1FullCallback              0x08003941   Thumb Code     2  stm32f4xx_hal_can.o(i.HAL_CAN_RxFifo1FullCallback)
    HAL_CAN_RxFifo1MsgPendingCallback        0x08003943   Thumb Code     2  stm32f4xx_hal_can.o(i.HAL_CAN_RxFifo1MsgPendingCallback)
    HAL_CAN_SleepCallback                    0x08003945   Thumb Code     2  stm32f4xx_hal_can.o(i.HAL_CAN_SleepCallback)
    HAL_CAN_Start                            0x08003947   Thumb Code    94  stm32f4xx_hal_can.o(i.HAL_CAN_Start)
    HAL_CAN_TxMailbox0AbortCallback          0x080039a5   Thumb Code     2  stm32f4xx_hal_can.o(i.HAL_CAN_TxMailbox0AbortCallback)
    HAL_CAN_TxMailbox0CompleteCallback       0x080039a7   Thumb Code     2  stm32f4xx_hal_can.o(i.HAL_CAN_TxMailbox0CompleteCallback)
    HAL_CAN_TxMailbox1AbortCallback          0x080039a9   Thumb Code     2  stm32f4xx_hal_can.o(i.HAL_CAN_TxMailbox1AbortCallback)
    HAL_CAN_TxMailbox1CompleteCallback       0x080039ab   Thumb Code     2  stm32f4xx_hal_can.o(i.HAL_CAN_TxMailbox1CompleteCallback)
    HAL_CAN_TxMailbox2AbortCallback          0x080039ad   Thumb Code     2  stm32f4xx_hal_can.o(i.HAL_CAN_TxMailbox2AbortCallback)
    HAL_CAN_TxMailbox2CompleteCallback       0x080039af   Thumb Code     2  stm32f4xx_hal_can.o(i.HAL_CAN_TxMailbox2CompleteCallback)
    HAL_CAN_WakeUpFromRxMsgCallback          0x080039b1   Thumb Code     2  stm32f4xx_hal_can.o(i.HAL_CAN_WakeUpFromRxMsgCallback)
    HAL_DMA_Abort                            0x080039b3   Thumb Code   172  stm32f4xx_hal_dma.o(i.HAL_DMA_Abort)
    HAL_DMA_Abort_IT                         0x08003a5f   Thumb Code    40  stm32f4xx_hal_dma.o(i.HAL_DMA_Abort_IT)
    HAL_DMA_IRQHandler                       0x08003a89   Thumb Code   570  stm32f4xx_hal_dma.o(i.HAL_DMA_IRQHandler)
    HAL_DMA_Init                             0x08003cc9   Thumb Code   232  stm32f4xx_hal_dma.o(i.HAL_DMA_Init)
    HAL_DMA_Start_IT                         0x08003db5   Thumb Code   146  stm32f4xx_hal_dma.o(i.HAL_DMA_Start_IT)
    HAL_Delay                                0x08003e49   Thumb Code    36  stm32f4xx_hal.o(i.HAL_Delay)
    HAL_GPIO_Init                            0x08003e71   Thumb Code   454  stm32f4xx_hal_gpio.o(i.HAL_GPIO_Init)
    HAL_GPIO_WritePin                        0x08004065   Thumb Code    12  stm32f4xx_hal_gpio.o(i.HAL_GPIO_WritePin)
    HAL_GetTick                              0x08004071   Thumb Code     6  stm32f4xx_hal.o(i.HAL_GetTick)
    HAL_IncTick                              0x0800407d   Thumb Code    16  stm32f4xx_hal.o(i.HAL_IncTick)
    HAL_Init                                 0x08004095   Thumb Code    54  stm32f4xx_hal.o(i.HAL_Init)
    HAL_InitTick                             0x080040d1   Thumb Code    64  stm32f4xx_hal.o(i.HAL_InitTick)
    HAL_MspInit                              0x0800411d   Thumb Code    68  stm32f4xx_hal_msp.o(i.HAL_MspInit)
    HAL_NVIC_EnableIRQ                       0x08004165   Thumb Code    40  stm32f4xx_hal_cortex.o(i.HAL_NVIC_EnableIRQ)
    HAL_NVIC_SetPriority                     0x0800418d   Thumb Code   124  stm32f4xx_hal_cortex.o(i.HAL_NVIC_SetPriority)
    HAL_NVIC_SetPriorityGrouping             0x08004209   Thumb Code    32  stm32f4xx_hal_cortex.o(i.HAL_NVIC_SetPriorityGrouping)
    HAL_RCC_ClockConfig                      0x08004231   Thumb Code   368  stm32f4xx_hal_rcc.o(i.HAL_RCC_ClockConfig)
    HAL_RCC_GetHCLKFreq                      0x080043b5   Thumb Code     6  stm32f4xx_hal_rcc.o(i.HAL_RCC_GetHCLKFreq)
    HAL_RCC_GetPCLK1Freq                     0x080043c1   Thumb Code    22  stm32f4xx_hal_rcc.o(i.HAL_RCC_GetPCLK1Freq)
    HAL_RCC_GetPCLK2Freq                     0x080043e1   Thumb Code    22  stm32f4xx_hal_rcc.o(i.HAL_RCC_GetPCLK2Freq)
    HAL_RCC_GetSysClockFreq                  0x08004401   Thumb Code   162  stm32f4xx_hal_rcc.o(i.HAL_RCC_GetSysClockFreq)
    HAL_RCC_OscConfig                        0x080044b1   Thumb Code  1172  stm32f4xx_hal_rcc.o(i.HAL_RCC_OscConfig)
    HAL_SYSTICK_Config                       0x0800494d   Thumb Code    52  stm32f4xx_hal_cortex.o(i.HAL_SYSTICK_Config)
    HAL_TIMEx_BreakCallback                  0x08004981   Thumb Code     2  stm32f4xx_hal_tim_ex.o(i.HAL_TIMEx_BreakCallback)
    HAL_TIMEx_CommutCallback                 0x08004983   Thumb Code     2  stm32f4xx_hal_tim_ex.o(i.HAL_TIMEx_CommutCallback)
    HAL_TIMEx_MasterConfigSynchronization    0x08004985   Thumb Code   150  stm32f4xx_hal_tim_ex.o(i.HAL_TIMEx_MasterConfigSynchronization)
    HAL_TIM_Base_Init                        0x08004a39   Thumb Code   102  stm32f4xx_hal_tim.o(i.HAL_TIM_Base_Init)
    HAL_TIM_Base_MspInit                     0x08004aa1   Thumb Code   104  tim.o(i.HAL_TIM_Base_MspInit)
    HAL_TIM_Base_Start_IT                    0x08004b15   Thumb Code   138  stm32f4xx_hal_tim.o(i.HAL_TIM_Base_Start_IT)
    HAL_TIM_IC_CaptureCallback               0x08004bbd   Thumb Code     2  stm32f4xx_hal_tim.o(i.HAL_TIM_IC_CaptureCallback)
    HAL_TIM_IRQHandler                       0x08004bbf   Thumb Code   364  stm32f4xx_hal_tim.o(i.HAL_TIM_IRQHandler)
    HAL_TIM_OC_DelayElapsedCallback          0x08004d2b   Thumb Code     2  stm32f4xx_hal_tim.o(i.HAL_TIM_OC_DelayElapsedCallback)
    HAL_TIM_PWM_PulseFinishedCallback        0x08004d2d   Thumb Code     2  stm32f4xx_hal_tim.o(i.HAL_TIM_PWM_PulseFinishedCallback)
    HAL_TIM_PeriodElapsedCallback            0x08004d31   Thumb Code  1420  main.o(i.HAL_TIM_PeriodElapsedCallback)
    HAL_TIM_TriggerCallback                  0x080052d9   Thumb Code     2  stm32f4xx_hal_tim.o(i.HAL_TIM_TriggerCallback)
    HAL_UARTEx_ReceiveToIdle_DMA             0x080052db   Thumb Code   114  stm32f4xx_hal_uart.o(i.HAL_UARTEx_ReceiveToIdle_DMA)
    HAL_UARTEx_RxEventCallback               0x0800534d   Thumb Code    66  usart_app.o(i.HAL_UARTEx_RxEventCallback)
    HAL_UART_DMAStop                         0x080053a5   Thumb Code   138  stm32f4xx_hal_uart.o(i.HAL_UART_DMAStop)
    HAL_UART_ErrorCallback                   0x08005431   Thumb Code    24  main.o(i.HAL_UART_ErrorCallback)
    HAL_UART_IRQHandler                      0x08005455   Thumb Code   740  stm32f4xx_hal_uart.o(i.HAL_UART_IRQHandler)
    HAL_UART_Init                            0x0800573d   Thumb Code   118  stm32f4xx_hal_uart.o(i.HAL_UART_Init)
    HAL_UART_MspInit                         0x080057b5   Thumb Code   636  usart.o(i.HAL_UART_MspInit)
    HAL_UART_Receive_DMA                     0x08005a65   Thumb Code    44  stm32f4xx_hal_uart.o(i.HAL_UART_Receive_DMA)
    HAL_UART_RxCpltCallback                  0x08005a91   Thumb Code   212  main.o(i.HAL_UART_RxCpltCallback)
    HAL_UART_RxHalfCpltCallback              0x08005b6d   Thumb Code     2  stm32f4xx_hal_uart.o(i.HAL_UART_RxHalfCpltCallback)
    HAL_UART_TxCpltCallback                  0x08005b6f   Thumb Code     2  stm32f4xx_hal_uart.o(i.HAL_UART_TxCpltCallback)
    HardFault_Handler                        0x08005b71   Thumb Code     4  stm32f4xx_it.o(i.HardFault_Handler)
    MX_CAN1_Init                             0x08005b75   Thumb Code    58  can.o(i.MX_CAN1_Init)
    MX_CAN2_Init                             0x08005bb9   Thumb Code    58  can.o(i.MX_CAN2_Init)
    MX_DMA_Init                              0x08005bfd   Thumb Code   114  dma.o(i.MX_DMA_Init)
    MX_GPIO_Init                             0x08005c75   Thumb Code   202  gpio.o(i.MX_GPIO_Init)
    MX_TIM6_Init                             0x08005d49   Thumb Code    66  tim.o(i.MX_TIM6_Init)
    MX_TIM7_Init                             0x08005d95   Thumb Code    66  tim.o(i.MX_TIM7_Init)
    MX_USART1_UART_Init                      0x08005de1   Thumb Code    52  usart.o(i.MX_USART1_UART_Init)
    MX_USART2_UART_Init                      0x08005e21   Thumb Code    46  usart.o(i.MX_USART2_UART_Init)
    MX_USART6_UART_Init                      0x08005e59   Thumb Code    46  usart.o(i.MX_USART6_UART_Init)
    MemManage_Handler                        0x08005e91   Thumb Code     4  stm32f4xx_it.o(i.MemManage_Handler)
    NMI_Handler                              0x08005e95   Thumb Code     4  stm32f4xx_it.o(i.NMI_Handler)
    OLED_Clear                               0x08005e99   Thumb Code    36  oled.o(i.OLED_Clear)
    OLED_ClearArea                           0x08005ec1   Thumb Code   140  oled.o(i.OLED_ClearArea)
    OLED_GPIO_Init                           0x08005f51   Thumb Code    40  oled.o(i.OLED_GPIO_Init)
    OLED_I2C_SendByte                        0x08005f79   Thumb Code    62  oled.o(i.OLED_I2C_SendByte)
    OLED_I2C_Start                           0x08005fb7   Thumb Code    28  oled.o(i.OLED_I2C_Start)
    OLED_I2C_Stop                            0x08005fd3   Thumb Code    22  oled.o(i.OLED_I2C_Stop)
    OLED_Init                                0x08005fe9   Thumb Code   154  oled.o(i.OLED_Init)
    OLED_Printf                              0x08006083   Thumb Code    50  oled.o(i.OLED_Printf)
    OLED_SetCursor                           0x080060b5   Thumb Code    34  oled.o(i.OLED_SetCursor)
    OLED_ShowChar                            0x080060d9   Thumb Code    74  oled.o(i.OLED_ShowChar)
    OLED_ShowImage                           0x0800612d   Thumb Code   248  oled.o(i.OLED_ShowImage)
    OLED_ShowString                          0x08006229   Thumb Code   442  oled.o(i.OLED_ShowString)
    OLED_Update                              0x080063ed   Thumb Code    36  oled.o(i.OLED_Update)
    OLED_W_SCL                               0x08006415   Thumb Code    36  oled.o(i.OLED_W_SCL)
    OLED_W_SDA                               0x0800643d   Thumb Code    36  oled.o(i.OLED_W_SDA)
    OLED_WriteCommand                        0x08006465   Thumb Code    32  oled.o(i.OLED_WriteCommand)
    OLED_WriteData                           0x08006485   Thumb Code    46  oled.o(i.OLED_WriteData)
    PendSV_Handler                           0x080064b3   Thumb Code     2  stm32f4xx_it.o(i.PendSV_Handler)
    SVC_Handler                              0x080064b5   Thumb Code     2  stm32f4xx_it.o(i.SVC_Handler)
    SysTick_Handler                          0x080064b7   Thumb Code     8  stm32f4xx_it.o(i.SysTick_Handler)
    SystemClock_Config                       0x080064c1   Thumb Code   174  main.o(i.SystemClock_Config)
    SystemInit                               0x08006579   Thumb Code    14  system_stm32f4xx.o(i.SystemInit)
    TIM6_DAC_IRQHandler                      0x0800658d   Thumb Code    10  stm32f4xx_it.o(i.TIM6_DAC_IRQHandler)
    TIM_Base_SetConfig                       0x0800659d   Thumb Code   186  stm32f4xx_hal_tim.o(i.TIM_Base_SetConfig)
    UART_Start_Receive_DMA                   0x08006b9d   Thumb Code   186  stm32f4xx_hal_uart.o(i.UART_Start_Receive_DMA)
    USART1_IRQHandler                        0x08006cc5   Thumb Code    10  stm32f4xx_it.o(i.USART1_IRQHandler)
    USART2_IRQHandler                        0x08006cd5   Thumb Code    10  stm32f4xx_it.o(i.USART2_IRQHandler)
    USART6_IRQHandler                        0x08006ce5   Thumb Code    10  stm32f4xx_it.o(i.USART6_IRQHandler)
    UsageFault_Handler                       0x08006cf5   Thumb Code     4  stm32f4xx_it.o(i.UsageFault_Handler)
    __ARM_fpclassify                         0x08006cf9   Thumb Code    48  fpclassify.o(i.__ARM_fpclassify)
    __ARM_fpclassifyf                        0x08006d29   Thumb Code    38  fpclassifyf.o(i.__ARM_fpclassifyf)
    __hardfp_acosf                           0x08006d89   Thumb Code   234  acosf.o(i.__hardfp_acosf)
    __hardfp_atan2f                          0x08006ea1   Thumb Code   594  atan2f.o(i.__hardfp_atan2f)
    __hardfp_cosf                            0x0800714d   Thumb Code   280  cosf.o(i.__hardfp_cosf)
    __hardfp_fmodf                           0x0800729d   Thumb Code   176  fmodf.o(i.__hardfp_fmodf)
    __hardfp_sinf                            0x0800734d   Thumb Code   344  sinf.o(i.__hardfp_sinf)
    __hardfp_sqrtf                           0x080074dd   Thumb Code    58  sqrtf.o(i.__hardfp_sqrtf)
    __mathlib_flt_infnan                     0x08007517   Thumb Code     6  funder.o(i.__mathlib_flt_infnan)
    __mathlib_flt_infnan2                    0x0800751d   Thumb Code     6  funder.o(i.__mathlib_flt_infnan2)
    __mathlib_flt_invalid                    0x08007525   Thumb Code    10  funder.o(i.__mathlib_flt_invalid)
    __mathlib_flt_underflow                  0x08007535   Thumb Code    10  funder.o(i.__mathlib_flt_underflow)
    __mathlib_rredf2                         0x08007545   Thumb Code   316  rredf.o(i.__mathlib_rredf2)
    _is_digit                                0x08007699   Thumb Code    14  __printf_wp.o(i._is_digit)
    can_filter_init                          0x080076ed   Thumb Code   110  gld_can.o(i.can_filter_init)
    dog_Go_int                               0x08007765   Thumb Code  1056  yushu_app.o(i.dog_Go_int)
    dog_back_bit_still                       0x08007b85   Thumb Code  3242  yushu_app.o(i.dog_back_bit_still)
    dog_back_bit_still_int                   0x0800886d   Thumb Code   366  yushu_app.o(i.dog_back_bit_still_int)
    dog_back_bit_still_out                   0x08008a1d   Thumb Code   484  yushu_app.o(i.dog_back_bit_still_out)
    dog_back_mid                             0x08008c45   Thumb Code  3246  yushu_app.o(i.dog_back_mid)
    dog_back_mid_int                         0x08009939   Thumb Code   366  yushu_app.o(i.dog_back_mid_int)
    dog_back_mid_out                         0x08009ae5   Thumb Code   484  yushu_app.o(i.dog_back_mid_out)
    dog_bunny_jump_force                     0x08009d09   Thumb Code  1582  yushu_app.o(i.dog_bunny_jump_force)
    dog_bunny_jump_forward2                  0x0800a37d   Thumb Code  1646  yushu_app.o(i.dog_bunny_jump_forward2)
    dog_bunny_jump_forward7                  0x0800aa25   Thumb Code  1646  yushu_app.o(i.dog_bunny_jump_forward7)
    dog_bunny_jump_up                        0x0800b0c5   Thumb Code  2060  yushu_app.o(i.dog_bunny_jump_up)
    dog_double_jump_force2                   0x0800b931   Thumb Code    58  yushu_app.o(i.dog_double_jump_force2)
    dog_forward_bit_still                    0x0800b971   Thumb Code  3242  yushu_app.o(i.dog_forward_bit_still)
    dog_forward_bit_still_int                0x0800c659   Thumb Code   366  yushu_app.o(i.dog_forward_bit_still_int)
    dog_forward_bit_still_out                0x0800c809   Thumb Code   484  yushu_app.o(i.dog_forward_bit_still_out)
    dog_forward_mid                          0x0800ca31   Thumb Code  3246  yushu_app.o(i.dog_forward_mid)
    dog_forward_mid_int                      0x0800d725   Thumb Code   366  yushu_app.o(i.dog_forward_mid_int)
    dog_forward_mid_out                      0x0800d8d1   Thumb Code   484  yushu_app.o(i.dog_forward_mid_out)
    dog_forward_rear                         0x0800daf5   Thumb Code  2112  yushu_app.o(i.dog_forward_rear)
    dog_forward_rear_int                     0x0800e359   Thumb Code   212  yushu_app.o(i.dog_forward_rear_int)
    dog_forward_rear_out                     0x0800e45d   Thumb Code   266  yushu_app.o(i.dog_forward_rear_out)
    dog_jump                                 0x0800e59d   Thumb Code  1680  yushu_app.o(i.dog_jump)
    dog_jump2                                0x0800ec59   Thumb Code   874  yushu_app.o(i.dog_jump2)
    dog_jump_force10                         0x0800eff1   Thumb Code  2270  yushu_app.o(i.dog_jump_force10)
    dog_left_bit_still                       0x0800f8d5   Thumb Code  3242  yushu_app.o(i.dog_left_bit_still)
    dog_left_bit_still_int                   0x080105bd   Thumb Code   366  yushu_app.o(i.dog_left_bit_still_int)
    dog_left_bit_still_out                   0x0801076d   Thumb Code   484  yushu_app.o(i.dog_left_bit_still_out)
    dog_left_mid                             0x08010995   Thumb Code  3250  yushu_app.o(i.dog_left_mid)
    dog_left_mid_int                         0x0801168d   Thumb Code   366  yushu_app.o(i.dog_left_mid_int)
    dog_left_mid_out                         0x0801183d   Thumb Code   484  yushu_app.o(i.dog_left_mid_out)
    dog_left_rear                            0x08011a65   Thumb Code  2112  yushu_app.o(i.dog_left_rear)
    dog_left_rear_int                        0x080122c9   Thumb Code   212  yushu_app.o(i.dog_left_rear_int)
    dog_left_rear_out                        0x080123cd   Thumb Code   266  yushu_app.o(i.dog_left_rear_out)
    dog_rear_flip                            0x0801250d   Thumb Code   646  yushu_app.o(i.dog_rear_flip)
    dog_rear_leg                             0x080127f1   Thumb Code   646  yushu_app.o(i.dog_rear_leg)
    dog_rear_mid                             0x08012ad5   Thumb Code  2108  yushu_app.o(i.dog_rear_mid)
    dog_rear_mid_int                         0x08013335   Thumb Code   212  yushu_app.o(i.dog_rear_mid_int)
    dog_rear_mid_out                         0x08013435   Thumb Code   266  yushu_app.o(i.dog_rear_mid_out)
    dog_right_bit_still                      0x08013571   Thumb Code  3242  yushu_app.o(i.dog_right_bit_still)
    dog_right_bit_still_int                  0x08014259   Thumb Code   366  yushu_app.o(i.dog_right_bit_still_int)
    dog_right_bit_still_out                  0x08014409   Thumb Code   484  yushu_app.o(i.dog_right_bit_still_out)
    dog_right_mid                            0x08014631   Thumb Code  3250  yushu_app.o(i.dog_right_mid)
    dog_right_mid_int                        0x08015329   Thumb Code   366  yushu_app.o(i.dog_right_mid_int)
    dog_right_mid_out                        0x080154d9   Thumb Code   484  yushu_app.o(i.dog_right_mid_out)
    dog_right_rear                           0x08015701   Thumb Code  2112  yushu_app.o(i.dog_right_rear)
    dog_right_rear_int                       0x08015f65   Thumb Code   212  yushu_app.o(i.dog_right_rear_int)
    dog_right_rear_out                       0x08016069   Thumb Code   266  yushu_app.o(i.dog_right_rear_out)
    dog_small_still                          0x080161a9   Thumb Code   328  main.o(i.dog_small_still)
    dog_small_still2                         0x08016305   Thumb Code   392  main.o(i.dog_small_still2)
    dog_squat_int                            0x080164ad   Thumb Code   620  yushu_app.o(i.dog_squat_int)
    dog_squat_int_still                      0x08016761   Thumb Code   518  yushu_app.o(i.dog_squat_int_still)
    dog_squat_out                            0x080169ad   Thumb Code   620  yushu_app.o(i.dog_squat_out)
    dog_start                                0x08016c61   Thumb Code   766  yushu_app.o(i.dog_start)
    dog_treble_jump_force2                   0x08016fa1   Thumb Code    88  yushu_app.o(i.dog_treble_jump_force2)
    main                                     0x08016ffd   Thumb Code  4156  main.o(i.main)
    rt_ringbuffer_data_len                   0x0801805d   Thumb Code    60  ringbuffer.o(i.rt_ringbuffer_data_len)
    rt_ringbuffer_init                       0x08018099   Thumb Code    84  ringbuffer.o(i.rt_ringbuffer_init)
    rt_ringbuffer_put                        0x0801812d   Thumb Code   182  ringbuffer.o(i.rt_ringbuffer_put)
    sqrtf                                    0x080182a1   Thumb Code    62  sqrtf.o(i.sqrtf)
    uart_init                                0x0801842d   Thumb Code    40  usart_app.o(i.uart_init)
    unitree_CAN_Send                         0x08018469   Thumb Code   182  gld_can.o(i.unitree_CAN_Send)
    unitree_CAN_receive                      0x08018529   Thumb Code   312  gld_can.o(i.unitree_CAN_receive)
    unitree_setpara                          0x0801866d   Thumb Code    26  gld_can.o(i.unitree_setpara)
    walk_enter                               0x08018689   Thumb Code    42  walk.o(i.walk_enter)
    walk_run                                 0x080186c1   Thumb Code   548  walk.o(i.walk_run)
    _get_lc_numeric                          0x08018901   Thumb Code    44  lc_numeric_c.o(locale$$code)
    _get_lc_ctype                            0x0801892d   Thumb Code    44  lc_ctype_c.o(locale$$code)
    __aeabi_d2f                              0x08018959   Thumb Code     0  d2f.o(x$fpl$d2f)
    _d2f                                     0x08018959   Thumb Code    98  d2f.o(x$fpl$d2f)
    __aeabi_dadd                             0x080189bd   Thumb Code     0  daddsub_clz.o(x$fpl$dadd)
    _dadd                                    0x080189bd   Thumb Code   332  daddsub_clz.o(x$fpl$dadd)
    __fpl_dcmp_Inf                           0x08018b0d   Thumb Code    24  dcmpi.o(x$fpl$dcmpinf)
    __aeabi_cdcmpeq                          0x08018b25   Thumb Code     0  deqf.o(x$fpl$deqf)
    _dcmpeq                                  0x08018b25   Thumb Code   120  deqf.o(x$fpl$deqf)
    __aeabi_cdcmple                          0x08018b9d   Thumb Code     0  dleqf.o(x$fpl$dleqf)
    _dcmple                                  0x08018b9d   Thumb Code   120  dleqf.o(x$fpl$dleqf)
    __fpl_dcmple_InfNaN                      0x08018bff   Thumb Code     0  dleqf.o(x$fpl$dleqf)
    __aeabi_dmul                             0x08018c15   Thumb Code     0  dmul.o(x$fpl$dmul)
    _dmul                                    0x08018c15   Thumb Code   332  dmul.o(x$fpl$dmul)
    __fpl_dnaninf                            0x08018d69   Thumb Code   156  dnaninf.o(x$fpl$dnaninf)
    __fpl_dretinf                            0x08018e05   Thumb Code    12  dretinf.o(x$fpl$dretinf)
    __aeabi_cdrcmple                         0x08018e11   Thumb Code     0  drleqf.o(x$fpl$drleqf)
    _drcmple                                 0x08018e11   Thumb Code   108  drleqf.o(x$fpl$drleqf)
    __aeabi_drsub                            0x08018e7d   Thumb Code     0  daddsub_clz.o(x$fpl$drsb)
    _drsb                                    0x08018e7d   Thumb Code    22  daddsub_clz.o(x$fpl$drsb)
    __aeabi_dsub                             0x08018e95   Thumb Code     0  daddsub_clz.o(x$fpl$dsub)
    _dsub                                    0x08018e95   Thumb Code   464  daddsub_clz.o(x$fpl$dsub)
    __aeabi_f2d                              0x08019069   Thumb Code     0  f2d.o(x$fpl$f2d)
    _f2d                                     0x08019069   Thumb Code    86  f2d.o(x$fpl$f2d)
    __fpl_fnaninf                            0x080190bf   Thumb Code   140  fnaninf.o(x$fpl$fnaninf)
    _fp_init                                 0x0801914b   Thumb Code    10  fpinit.o(x$fpl$fpinit)
    __fplib_config_fpu_vfp                   0x08019153   Thumb Code     0  fpinit.o(x$fpl$fpinit)
    __fplib_config_pureend_doubles           0x08019153   Thumb Code     0  fpinit.o(x$fpl$fpinit)
    _frem                                    0x08019155   Thumb Code   240  frem_clz.o(x$fpl$frem)
    __fpl_fretinf                            0x08019249   Thumb Code    10  fretinf.o(x$fpl$fretinf)
    _printf_fp_dec                           0x08019253   Thumb Code     4  printf1.o(x$fpl$printf1)
    _printf_fp_hex                           0x08019257   Thumb Code     4  printf2.o(x$fpl$printf2)
    __I$use$fp                               0x0801925a   Number         0  usenofp.o(x$fpl$usenofp)
    AHBPrescTable                            0x08019284   Data          16  system_stm32f4xx.o(.constdata)
    APBPrescTable                            0x08019294   Data           8  system_stm32f4xx.o(.constdata)
    OLED_F8x16                               0x0801943c   Data        1520  oled_data.o(.constdata)
    OLED_F6x8                                0x08019a2c   Data         570  oled_data.o(.constdata)
    OLED_CF16x16                             0x08019c66   Data         259  oled_data.o(.constdata)
    Region$$Table$$Base                      0x08019e8c   Number         0  anon$$obj.o(Region$$Table)
    Region$$Table$$Limit                     0x08019eac   Number         0  anon$$obj.o(Region$$Table)
    __ctype                                  0x08019ed5   Data           0  lc_ctype_c.o(locale$$data)
    FLAH                                     0x20000000   Data           1  main.o(.data)
    foo                                      0x20000004   Data           4  main.o(.data)
    flag1                                    0x20000008   Data           1  main.o(.data)
    flag0                                    0x20000009   Data           1  main.o(.data)
    flag2                                    0x2000000a   Data           1  main.o(.data)
    flag_mode                                0x2000000b   Data           1  main.o(.data)
    mode_lere                                0x2000000c   Data           1  main.o(.data)
    ik_z_target                              0x20000010   Data          16  main.o(.data)
    ik_z                                     0x20000020   Data          16  main.o(.data)
    mode                                     0x20000030   Data           1  main.o(.data)
    fc_pd_stand                              0x20000034   Data          60  main.o(.data)
    uwTick                                   0x2000007c   Data           4  stm32f4xx_hal.o(.data)
    uwTickPrio                               0x20000080   Data           4  stm32f4xx_hal.o(.data)
    uwTickFreq                               0x20000084   Data           1  stm32f4xx_hal.o(.data)
    SystemCoreClock                          0x20000088   Data           4  system_stm32f4xx.o(.data)
    ONE_CIRCLE                               0x20000090   Data           8  yushu_app.o(.data)
    leg0                                     0x20000098   Data           8  yushu_app.o(.data)
    leg1                                     0x200000a0   Data           8  yushu_app.o(.data)
    leg2                                     0x200000a8   Data           8  yushu_app.o(.data)
    leg3                                     0x200000b0   Data           8  yushu_app.o(.data)
    leg4                                     0x200000b8   Data           8  yushu_app.o(.data)
    leg5                                     0x200000c0   Data           8  yushu_app.o(.data)
    leg6                                     0x200000c8   Data           8  yushu_app.o(.data)
    leg7                                     0x200000d0   Data           8  yushu_app.o(.data)
    kd                                       0x200000d8   Data           8  yushu_app.o(.data)
    flag_1                                   0x200000e0   Data           8  yushu_app.o(.data)
    flag_2                                   0x200000e8   Data           8  yushu_app.o(.data)
    b                                        0x200000f0   Data           8  yushu_app.o(.data)
    b2                                       0x200000f8   Data           8  yushu_app.o(.data)
    c                                        0x20000100   Data           8  yushu_app.o(.data)
    c2                                       0x20000108   Data           8  yushu_app.o(.data)
    d                                        0x20000110   Data           8  yushu_app.o(.data)
    d2                                       0x20000118   Data           8  yushu_app.o(.data)
    leg_int                                  0x20000120   Data          64  yushu_app.o(.data)
    leg_middle                               0x20000160   Data          64  yushu_app.o(.data)
    leg_stand                                0x200001a0   Data          64  yushu_app.o(.data)
    slope_ff                                 0x200001e0   Data           4  yushu_app.o(.data)
    walk_param                               0x200001f0   Data          64  walk.o(.data)
    CAN1_ID                                  0x2000023c   Data           1  gld_can.o(.data)
    CAN2_ID                                  0x2000023d   Data           1  gld_can.o(.data)
    unitree_can_send_data                    0x2000023e   Data           8  gld_can.o(.data)
    unitree_can_send_kkdata                  0x20000246   Data           8  gld_can.o(.data)
    unitree_CAN_ID                           0x2000024e   Data           1  gld_can.o(.data)
    RC_Ctl                                   0x20000250   Data          22  main.o(.bss)
    sbus_rx_buffer                           0x20000266   Data          18  main.o(.bss)
    send                                     0x20000278   Data          40  main.o(.bss)
    UT_motor_data                            0x200002a0   Data         320  main.o(.bss)
    angle_changer                            0x200003e0   Data         640  main.o(.bss)
    hcan1                                    0x20000660   Data          40  can.o(.bss)
    hcan2                                    0x20000688   Data          40  can.o(.bss)
    htim6                                    0x200006b0   Data          72  tim.o(.bss)
    htim7                                    0x200006f8   Data          72  tim.o(.bss)
    huart1                                   0x20000740   Data          72  usart.o(.bss)
    huart2                                   0x20000788   Data          72  usart.o(.bss)
    huart6                                   0x200007d0   Data          72  usart.o(.bss)
    hdma_usart1_rx                           0x20000818   Data          96  usart.o(.bss)
    hdma_usart2_rx                           0x20000878   Data          96  usart.o(.bss)
    hdma_usart6_rx                           0x200008d8   Data          96  usart.o(.bss)
    uart_ringbuffer                          0x200009b8   Data          12  usart_app.o(.bss)
    leg                                      0x20000a48   Data          64  yushu_app.o(.bss)
    ff_torque                                0x20000a88   Data          32  yushu_app.o(.bss)
    fc_leg                                   0x20000ab8   Data         368  dog.o(.bss)
    OLED_DisplayBuf                          0x20000ca0   Data        1024  oled.o(.bss)
    __libspace_start                         0x200010a0   Data          96  libspace.o(.bss)
    __temporary_stack_top$libspace           0x20001100   Data           0  libspace.o(.bss)



==============================================================================

Memory Map of the image

  Image Entry point : 0x08000189

  Load Region LR_IROM1 (Base: 0x08000000, Size: 0x0001a228, Max: 0x00100000, ABSOLUTE, COMPRESSED[0x0001a0e4])

    Execution Region ER_IROM1 (Exec base: 0x08000000, Load base: 0x08000000, Size: 0x00019fd8, Max: 0x00100000, ABSOLUTE)

    Exec Addr    Load Addr    Size         Type   Attr      Idx    E Section Name        Object

    0x08000000   0x08000000   0x00000188   Data   RO            3    RESET               startup_stm32f407xx.o
    0x08000188   0x08000188   0x00000008   Code   RO         5155  * !!!main             c_w.l(__main.o)
    0x08000190   0x08000190   0x00000034   Code   RO         5701    !!!scatter          c_w.l(__scatter.o)
    0x080001c4   0x080001c4   0x0000005a   Code   RO         5699    !!dczerorl2         c_w.l(__dczerorl2.o)
    0x0800021e   0x0800021e   0x00000002   PAD
    0x08000220   0x08000220   0x0000001c   Code   RO         5703    !!handler_zi        c_w.l(__scatter_zi.o)
    0x0800023c   0x0800023c   0x00000000   Code   RO         5379    .ARM.Collect$$_printf_percent$$00000000  c_w.l(_printf_percent.o)
    0x0800023c   0x0800023c   0x00000006   Code   RO         5368    .ARM.Collect$$_printf_percent$$00000001  c_w.l(_printf_n.o)
    0x08000242   0x08000242   0x00000006   Code   RO         5370    .ARM.Collect$$_printf_percent$$00000002  c_w.l(_printf_p.o)
    0x08000248   0x08000248   0x00000006   Code   RO         5375    .ARM.Collect$$_printf_percent$$00000003  c_w.l(_printf_f.o)
    0x0800024e   0x0800024e   0x00000006   Code   RO         5376    .ARM.Collect$$_printf_percent$$00000004  c_w.l(_printf_e.o)
    0x08000254   0x08000254   0x00000006   Code   RO         5377    .ARM.Collect$$_printf_percent$$00000005  c_w.l(_printf_g.o)
    0x0800025a   0x0800025a   0x00000006   Code   RO         5378    .ARM.Collect$$_printf_percent$$00000006  c_w.l(_printf_a.o)
    0x08000260   0x08000260   0x0000000a   Code   RO         5383    .ARM.Collect$$_printf_percent$$00000007  c_w.l(_printf_ll.o)
    0x0800026a   0x0800026a   0x00000006   Code   RO         5372    .ARM.Collect$$_printf_percent$$00000008  c_w.l(_printf_i.o)
    0x08000270   0x08000270   0x00000006   Code   RO         5373    .ARM.Collect$$_printf_percent$$00000009  c_w.l(_printf_d.o)
    0x08000276   0x08000276   0x00000006   Code   RO         5374    .ARM.Collect$$_printf_percent$$0000000A  c_w.l(_printf_u.o)
    0x0800027c   0x0800027c   0x00000006   Code   RO         5371    .ARM.Collect$$_printf_percent$$0000000B  c_w.l(_printf_o.o)
    0x08000282   0x08000282   0x00000006   Code   RO         5369    .ARM.Collect$$_printf_percent$$0000000C  c_w.l(_printf_x.o)
    0x08000288   0x08000288   0x00000006   Code   RO         5380    .ARM.Collect$$_printf_percent$$0000000D  c_w.l(_printf_lli.o)
    0x0800028e   0x0800028e   0x00000006   Code   RO         5381    .ARM.Collect$$_printf_percent$$0000000E  c_w.l(_printf_lld.o)
    0x08000294   0x08000294   0x00000006   Code   RO         5382    .ARM.Collect$$_printf_percent$$0000000F  c_w.l(_printf_llu.o)
    0x0800029a   0x0800029a   0x00000006   Code   RO         5387    .ARM.Collect$$_printf_percent$$00000010  c_w.l(_printf_llo.o)
    0x080002a0   0x080002a0   0x00000006   Code   RO         5388    .ARM.Collect$$_printf_percent$$00000011  c_w.l(_printf_llx.o)
    0x080002a6   0x080002a6   0x0000000a   Code   RO         5384    .ARM.Collect$$_printf_percent$$00000012  c_w.l(_printf_l.o)
    0x080002b0   0x080002b0   0x00000006   Code   RO         5366    .ARM.Collect$$_printf_percent$$00000013  c_w.l(_printf_c.o)
    0x080002b6   0x080002b6   0x00000006   Code   RO         5367    .ARM.Collect$$_printf_percent$$00000014  c_w.l(_printf_s.o)
    0x080002bc   0x080002bc   0x00000006   Code   RO         5385    .ARM.Collect$$_printf_percent$$00000015  c_w.l(_printf_lc.o)
    0x080002c2   0x080002c2   0x00000006   Code   RO         5386    .ARM.Collect$$_printf_percent$$00000016  c_w.l(_printf_ls.o)
    0x080002c8   0x080002c8   0x00000004   Code   RO         5505    .ARM.Collect$$_printf_percent$$00000017  c_w.l(_printf_percent_end.o)
    0x080002cc   0x080002cc   0x00000002   Code   RO         5578    .ARM.Collect$$libinit$$00000000  c_w.l(libinit.o)
    0x080002ce   0x080002ce   0x00000004   Code   RO         5592    .ARM.Collect$$libinit$$00000001  c_w.l(libinit2.o)
    0x080002d2   0x080002d2   0x00000000   Code   RO         5595    .ARM.Collect$$libinit$$00000004  c_w.l(libinit2.o)
    0x080002d2   0x080002d2   0x00000000   Code   RO         5598    .ARM.Collect$$libinit$$0000000A  c_w.l(libinit2.o)
    0x080002d2   0x080002d2   0x00000000   Code   RO         5600    .ARM.Collect$$libinit$$0000000C  c_w.l(libinit2.o)
    0x080002d2   0x080002d2   0x00000000   Code   RO         5602    .ARM.Collect$$libinit$$0000000E  c_w.l(libinit2.o)
    0x080002d2   0x080002d2   0x00000006   Code   RO         5603    .ARM.Collect$$libinit$$0000000F  c_w.l(libinit2.o)
    0x080002d8   0x080002d8   0x00000000   Code   RO         5605    .ARM.Collect$$libinit$$00000011  c_w.l(libinit2.o)
    0x080002d8   0x080002d8   0x0000000c   Code   RO         5606    .ARM.Collect$$libinit$$00000012  c_w.l(libinit2.o)
    0x080002e4   0x080002e4   0x00000000   Code   RO         5607    .ARM.Collect$$libinit$$00000013  c_w.l(libinit2.o)
    0x080002e4   0x080002e4   0x00000000   Code   RO         5609    .ARM.Collect$$libinit$$00000015  c_w.l(libinit2.o)
    0x080002e4   0x080002e4   0x0000000a   Code   RO         5610    .ARM.Collect$$libinit$$00000016  c_w.l(libinit2.o)
    0x080002ee   0x080002ee   0x00000000   Code   RO         5611    .ARM.Collect$$libinit$$00000017  c_w.l(libinit2.o)
    0x080002ee   0x080002ee   0x00000000   Code   RO         5613    .ARM.Collect$$libinit$$00000019  c_w.l(libinit2.o)
    0x080002ee   0x080002ee   0x00000000   Code   RO         5615    .ARM.Collect$$libinit$$0000001B  c_w.l(libinit2.o)
    0x080002ee   0x080002ee   0x00000000   Code   RO         5617    .ARM.Collect$$libinit$$0000001D  c_w.l(libinit2.o)
    0x080002ee   0x080002ee   0x00000000   Code   RO         5619    .ARM.Collect$$libinit$$0000001F  c_w.l(libinit2.o)
    0x080002ee   0x080002ee   0x00000000   Code   RO         5621    .ARM.Collect$$libinit$$00000021  c_w.l(libinit2.o)
    0x080002ee   0x080002ee   0x00000000   Code   RO         5623    .ARM.Collect$$libinit$$00000023  c_w.l(libinit2.o)
    0x080002ee   0x080002ee   0x00000000   Code   RO         5625    .ARM.Collect$$libinit$$00000025  c_w.l(libinit2.o)
    0x080002ee   0x080002ee   0x00000000   Code   RO         5629    .ARM.Collect$$libinit$$0000002C  c_w.l(libinit2.o)
    0x080002ee   0x080002ee   0x00000000   Code   RO         5631    .ARM.Collect$$libinit$$0000002E  c_w.l(libinit2.o)
    0x080002ee   0x080002ee   0x00000000   Code   RO         5633    .ARM.Collect$$libinit$$00000030  c_w.l(libinit2.o)
    0x080002ee   0x080002ee   0x00000000   Code   RO         5635    .ARM.Collect$$libinit$$00000032  c_w.l(libinit2.o)
    0x080002ee   0x080002ee   0x00000002   Code   RO         5636    .ARM.Collect$$libinit$$00000033  c_w.l(libinit2.o)
    0x080002f0   0x080002f0   0x00000002   Code   RO         5670    .ARM.Collect$$libshutdown$$00000000  c_w.l(libshutdown.o)
    0x080002f2   0x080002f2   0x00000000   Code   RO         5680    .ARM.Collect$$libshutdown$$00000002  c_w.l(libshutdown2.o)
    0x080002f2   0x080002f2   0x00000000   Code   RO         5682    .ARM.Collect$$libshutdown$$00000004  c_w.l(libshutdown2.o)
    0x080002f2   0x080002f2   0x00000000   Code   RO         5684    .ARM.Collect$$libshutdown$$00000006  c_w.l(libshutdown2.o)
    0x080002f2   0x080002f2   0x00000000   Code   RO         5687    .ARM.Collect$$libshutdown$$00000009  c_w.l(libshutdown2.o)
    0x080002f2   0x080002f2   0x00000000   Code   RO         5690    .ARM.Collect$$libshutdown$$0000000C  c_w.l(libshutdown2.o)
    0x080002f2   0x080002f2   0x00000000   Code   RO         5692    .ARM.Collect$$libshutdown$$0000000E  c_w.l(libshutdown2.o)
    0x080002f2   0x080002f2   0x00000000   Code   RO         5695    .ARM.Collect$$libshutdown$$00000011  c_w.l(libshutdown2.o)
    0x080002f2   0x080002f2   0x00000002   Code   RO         5696    .ARM.Collect$$libshutdown$$00000012  c_w.l(libshutdown2.o)
    0x080002f4   0x080002f4   0x00000000   Code   RO         5289    .ARM.Collect$$rtentry$$00000000  c_w.l(__rtentry.o)
    0x080002f4   0x080002f4   0x00000000   Code   RO         5469    .ARM.Collect$$rtentry$$00000002  c_w.l(__rtentry2.o)
    0x080002f4   0x080002f4   0x00000006   Code   RO         5481    .ARM.Collect$$rtentry$$00000004  c_w.l(__rtentry4.o)
    0x080002fa   0x080002fa   0x00000000   Code   RO         5471    .ARM.Collect$$rtentry$$00000009  c_w.l(__rtentry2.o)
    0x080002fa   0x080002fa   0x00000004   Code   RO         5472    .ARM.Collect$$rtentry$$0000000A  c_w.l(__rtentry2.o)
    0x080002fe   0x080002fe   0x00000000   Code   RO         5474    .ARM.Collect$$rtentry$$0000000C  c_w.l(__rtentry2.o)
    0x080002fe   0x080002fe   0x00000008   Code   RO         5475    .ARM.Collect$$rtentry$$0000000D  c_w.l(__rtentry2.o)
    0x08000306   0x08000306   0x00000002   Code   RO         5581    .ARM.Collect$$rtexit$$00000000  c_w.l(rtexit.o)
    0x08000308   0x08000308   0x00000000   Code   RO         5638    .ARM.Collect$$rtexit$$00000002  c_w.l(rtexit2.o)
    0x08000308   0x08000308   0x00000004   Code   RO         5639    .ARM.Collect$$rtexit$$00000003  c_w.l(rtexit2.o)
    0x0800030c   0x0800030c   0x00000006   Code   RO         5640    .ARM.Collect$$rtexit$$00000004  c_w.l(rtexit2.o)
    0x08000312   0x08000312   0x00000002   PAD
    0x08000314   0x08000314   0x00000040   Code   RO            4    .text               startup_stm32f407xx.o
    0x08000354   0x08000354   0x000000ee   Code   RO         5137    .text               c_w.l(lludivv7m.o)
    0x08000442   0x08000442   0x00000002   PAD
    0x08000444   0x08000444   0x00000024   Code   RO         5139    .text               c_w.l(vsprintf.o)
    0x08000468   0x08000468   0x00000080   Code   RO         5143    .text               c_w.l(assert.o)
    0x080004e8   0x080004e8   0x0000008a   Code   RO         5145    .text               c_w.l(rt_memcpy_v6.o)
    0x08000572   0x08000572   0x00000064   Code   RO         5147    .text               c_w.l(rt_memcpy_w.o)
    0x080005d6   0x080005d6   0x0000004e   Code   RO         5149    .text               c_w.l(rt_memclr_w.o)
    0x08000624   0x08000624   0x00000080   Code   RO         5151    .text               c_w.l(strcmpv7m.o)
    0x080006a4   0x080006a4   0x00000006   Code   RO         5153    .text               c_w.l(heapauxi.o)
    0x080006aa   0x080006aa   0x00000016   Code   RO         5294    .text               c_w.l(_rserrno.o)
    0x080006c0   0x080006c0   0x0000004e   Code   RO         5298    .text               c_w.l(_printf_pad.o)
    0x0800070e   0x0800070e   0x00000024   Code   RO         5300    .text               c_w.l(_printf_truncate.o)
    0x08000732   0x08000732   0x00000052   Code   RO         5302    .text               c_w.l(_printf_str.o)
    0x08000784   0x08000784   0x00000078   Code   RO         5304    .text               c_w.l(_printf_dec.o)
    0x080007fc   0x080007fc   0x00000028   Code   RO         5306    .text               c_w.l(_printf_charcount.o)
    0x08000824   0x08000824   0x00000030   Code   RO         5308    .text               c_w.l(_printf_char_common.o)
    0x08000854   0x08000854   0x0000000a   Code   RO         5310    .text               c_w.l(_sputc.o)
    0x0800085e   0x0800085e   0x00000002   PAD
    0x08000860   0x08000860   0x000000bc   Code   RO         5314    .text               c_w.l(_printf_wctomb.o)
    0x0800091c   0x0800091c   0x0000007c   Code   RO         5317    .text               c_w.l(_printf_longlong_dec.o)
    0x08000998   0x08000998   0x00000070   Code   RO         5323    .text               c_w.l(_printf_oct_int_ll.o)
    0x08000a08   0x08000a08   0x00000094   Code   RO         5343    .text               c_w.l(_printf_hex_int_ll_ptr.o)
    0x08000a9c   0x08000a9c   0x00000188   Code   RO         5363    .text               c_w.l(__printf_flags_ss_wp.o)
    0x08000c24   0x08000c24   0x00000016   Code   RO         5389    .text               c_w.l(abort.o)
    0x08000c3a   0x08000c3a   0x00000014   Code   RO         5391    .text               c_w.l(assert_puts.o)
    0x08000c4e   0x08000c4e   0x0000000e   Code   RO         5464    .text               c_w.l(sys_wrch.o)
    0x08000c5c   0x08000c5c   0x0000000c   Code   RO         5466    .text               c_w.l(sys_exit.o)
    0x08000c68   0x08000c68   0x00000008   Code   RO         5488    .text               c_w.l(rt_errno_addr_intlibspace.o)
    0x08000c70   0x08000c70   0x0000008a   Code   RO         5490    .text               c_w.l(lludiv10.o)
    0x08000cfa   0x08000cfa   0x000000b2   Code   RO         5492    .text               c_w.l(_printf_intcommon.o)
    0x08000dac   0x08000dac   0x0000041e   Code   RO         5494    .text               c_w.l(_printf_fp_dec.o)
    0x080011ca   0x080011ca   0x00000002   PAD
    0x080011cc   0x080011cc   0x000002fc   Code   RO         5496    .text               c_w.l(_printf_fp_hex.o)
    0x080014c8   0x080014c8   0x0000002c   Code   RO         5501    .text               c_w.l(_printf_char.o)
    0x080014f4   0x080014f4   0x0000002c   Code   RO         5503    .text               c_w.l(_printf_wchar.o)
    0x08001520   0x08001520   0x00000040   Code   RO         5506    .text               c_w.l(_wcrtomb.o)
    0x08001560   0x08001560   0x0000000e   Code   RO         5508    .text               c_w.l(defsig_abrt_outer.o)
    0x0800156e   0x0800156e   0x00000002   PAD
    0x08001570   0x08001570   0x00000008   Code   RO         5516    .text               c_w.l(libspace.o)
    0x08001578   0x08001578   0x00000002   Code   RO         5519    .text               c_w.l(use_no_semi.o)
    0x0800157a   0x0800157a   0x00000000   Code   RO         5521    .text               c_w.l(indicate_semi.o)
    0x0800157a   0x0800157a   0x0000004a   Code   RO         5522    .text               c_w.l(sys_stackheap_outer.o)
    0x080015c4   0x080015c4   0x00000010   Code   RO         5524    .text               c_w.l(rt_ctype_table.o)
    0x080015d4   0x080015d4   0x00000008   Code   RO         5531    .text               c_w.l(rt_locale_intlibspace.o)
    0x080015dc   0x080015dc   0x00000080   Code   RO         5533    .text               c_w.l(_printf_fp_infnan.o)
    0x0800165c   0x0800165c   0x000000e4   Code   RO         5535    .text               c_w.l(bigflt0.o)
    0x08001740   0x08001740   0x00000012   Code   RO         5563    .text               c_w.l(exit.o)
    0x08001752   0x08001752   0x0000000a   Code   RO         5565    .text               c_w.l(defsig_exit.o)
    0x0800175c   0x0800175c   0x00000030   Code   RO         5567    .text               c_w.l(defsig_abrt_inner.o)
    0x0800178c   0x0800178c   0x00000032   Code   RO         5588    .text               c_w.l(defsig_general.o)
    0x080017be   0x080017be   0x0000003e   Code   RO         5538    CL$$btod_d2e        c_w.l(btod.o)
    0x080017fc   0x080017fc   0x00000046   Code   RO         5540    CL$$btod_d2e_denorm_low  c_w.l(btod.o)
    0x08001842   0x08001842   0x00000060   Code   RO         5539    CL$$btod_d2e_norm_op1  c_w.l(btod.o)
    0x080018a2   0x080018a2   0x00000338   Code   RO         5548    CL$$btod_div_common  c_w.l(btod.o)
    0x08001bda   0x08001bda   0x000000dc   Code   RO         5545    CL$$btod_e2e        c_w.l(btod.o)
    0x08001cb6   0x08001cb6   0x0000002a   Code   RO         5542    CL$$btod_ediv       c_w.l(btod.o)
    0x08001ce0   0x08001ce0   0x0000002a   Code   RO         5541    CL$$btod_emul       c_w.l(btod.o)
    0x08001d0a   0x08001d0a   0x00000244   Code   RO         5547    CL$$btod_mult_common  c_w.l(btod.o)
    0x08001f4e   0x08001f4e   0x00000004   Code   RO          588    i.BusFault_Handler  stm32f4xx_it.o
    0x08001f52   0x08001f52   0x00000002   PAD
    0x08001f54   0x08001f54   0x00000010   Code   RO          589    i.CAN1_RX0_IRQHandler  stm32f4xx_it.o
    0x08001f64   0x08001f64   0x00000010   Code   RO          590    i.CAN1_RX1_IRQHandler  stm32f4xx_it.o
    0x08001f74   0x08001f74   0x00000010   Code   RO          591    i.CAN2_RX0_IRQHandler  stm32f4xx_it.o
    0x08001f84   0x08001f84   0x00000010   Code   RO          592    i.CAN2_RX1_IRQHandler  stm32f4xx_it.o
    0x08001f94   0x08001f94   0x000001e4   Code   RO         4523    i.CAN_modify_data   gld_can.o
    0x08002178   0x08002178   0x00000058   Code   RO         4674    i.Changer_int       for_out.o
    0x080021d0   0x080021d0   0x00000010   Code   RO          593    i.DMA1_Stream5_IRQHandler  stm32f4xx_it.o
    0x080021e0   0x080021e0   0x00000010   Code   RO          594    i.DMA2_Stream1_IRQHandler  stm32f4xx_it.o
    0x080021f0   0x080021f0   0x00000010   Code   RO          595    i.DMA2_Stream5_IRQHandler  stm32f4xx_it.o
    0x08002200   0x08002200   0x00000034   Code   RO         1502    i.DMA_CalcBaseAndBitshift  stm32f4xx_hal_dma.o
    0x08002234   0x08002234   0x000000aa   Code   RO         1503    i.DMA_CheckFifoParam  stm32f4xx_hal_dma.o
    0x080022de   0x080022de   0x0000002c   Code   RO         1504    i.DMA_SetConfig     stm32f4xx_hal_dma.o
    0x0800230a   0x0800230a   0x00000002   PAD
    0x0800230c   0x0800230c   0x00000054   Code   RO         4378    i.DWT_GetTick       dwt_timing.o
    0x08002360   0x08002360   0x0000004c   Code   RO         4379    i.DWT_Init          dwt_timing.o
    0x080023ac   0x080023ac   0x00000002   Code   RO          596    i.DebugMon_Handler  stm32f4xx_it.o
    0x080023ae   0x080023ae   0x00000006   Code   RO           13    i.Error_Handler     main.o
    0x080023b4   0x080023b4   0x000000b8   Code   RO         4785    i.FC_Init           dog.o
    0x0800246c   0x0800246c   0x0000010c   Code   RO         4786    i.FC_Kinematic_Inversion  dog.o
    0x08002578   0x08002578   0x000002a4   Code   RO         4787    i.FC_Kinematic_Solution  dog.o
    0x0800281c   0x0800281c   0x00000080   Code   RO         4788    i.FC_Motor_To_Joint  dog.o
    0x0800289c   0x0800289c   0x00000052   Code   RO         4789    i.FC_PD_Control     dog.o
    0x080028ee   0x080028ee   0x00000002   PAD
    0x080028f0   0x080028f0   0x00000374   Code   RO         4791    i.FC_Send_Pos_Slot  dog.o
    0x08002c64   0x08002c64   0x000000b0   Code   RO         4792    i.FC_Send_Torque    dog.o
    0x08002d14   0x08002d14   0x0000003c   Code   RO         4793    i.FC_Update_Leg     dog.o
    0x08002d50   0x08002d50   0x0000017c   Code   RO         4794    i.FC_VMC_Jacobi     dog.o
    0x08002ecc   0x08002ecc   0x0000002a   Code   RO          765    i.HAL_CAN_ActivateNotification  stm32f4xx_hal_can.o
    0x08002ef6   0x08002ef6   0x0000014a   Code   RO          766    i.HAL_CAN_AddTxMessage  stm32f4xx_hal_can.o
    0x08003040   0x08003040   0x00000124   Code   RO          767    i.HAL_CAN_ConfigFilter  stm32f4xx_hal_can.o
    0x08003164   0x08003164   0x00000002   Code   RO          770    i.HAL_CAN_ErrorCallback  stm32f4xx_hal_can.o
    0x08003166   0x08003166   0x00000194   Code   RO          773    i.HAL_CAN_GetRxMessage  stm32f4xx_hal_can.o
    0x080032fa   0x080032fa   0x0000024e   Code   RO          777    i.HAL_CAN_IRQHandler  stm32f4xx_hal_can.o
    0x08003548   0x08003548   0x00000174   Code   RO          778    i.HAL_CAN_Init      stm32f4xx_hal_can.o
    0x080036bc   0x080036bc   0x00000180   Code   RO          414    i.HAL_CAN_MspInit   can.o
    0x0800383c   0x0800383c   0x00000002   Code   RO          785    i.HAL_CAN_RxFifo0FullCallback  stm32f4xx_hal_can.o
    0x0800383e   0x0800383e   0x00000002   PAD
    0x08003840   0x08003840   0x00000100   Code   RO         4524    i.HAL_CAN_RxFifo0MsgPendingCallback  gld_can.o
    0x08003940   0x08003940   0x00000002   Code   RO          787    i.HAL_CAN_RxFifo1FullCallback  stm32f4xx_hal_can.o
    0x08003942   0x08003942   0x00000002   Code   RO          788    i.HAL_CAN_RxFifo1MsgPendingCallback  stm32f4xx_hal_can.o
    0x08003944   0x08003944   0x00000002   Code   RO          789    i.HAL_CAN_SleepCallback  stm32f4xx_hal_can.o
    0x08003946   0x08003946   0x0000005e   Code   RO          790    i.HAL_CAN_Start     stm32f4xx_hal_can.o
    0x080039a4   0x080039a4   0x00000002   Code   RO          792    i.HAL_CAN_TxMailbox0AbortCallback  stm32f4xx_hal_can.o
    0x080039a6   0x080039a6   0x00000002   Code   RO          793    i.HAL_CAN_TxMailbox0CompleteCallback  stm32f4xx_hal_can.o
    0x080039a8   0x080039a8   0x00000002   Code   RO          794    i.HAL_CAN_TxMailbox1AbortCallback  stm32f4xx_hal_can.o
    0x080039aa   0x080039aa   0x00000002   Code   RO          795    i.HAL_CAN_TxMailbox1CompleteCallback  stm32f4xx_hal_can.o
    0x080039ac   0x080039ac   0x00000002   Code   RO          796    i.HAL_CAN_TxMailbox2AbortCallback  stm32f4xx_hal_can.o
    0x080039ae   0x080039ae   0x00000002   Code   RO          797    i.HAL_CAN_TxMailbox2CompleteCallback  stm32f4xx_hal_can.o
    0x080039b0   0x080039b0   0x00000002   Code   RO          799    i.HAL_CAN_WakeUpFromRxMsgCallback  stm32f4xx_hal_can.o
    0x080039b2   0x080039b2   0x000000ac   Code   RO         1505    i.HAL_DMA_Abort     stm32f4xx_hal_dma.o
    0x08003a5e   0x08003a5e   0x00000028   Code   RO         1506    i.HAL_DMA_Abort_IT  stm32f4xx_hal_dma.o
    0x08003a86   0x08003a86   0x00000002   PAD
    0x08003a88   0x08003a88   0x00000240   Code   RO         1510    i.HAL_DMA_IRQHandler  stm32f4xx_hal_dma.o
    0x08003cc8   0x08003cc8   0x000000ec   Code   RO         1511    i.HAL_DMA_Init      stm32f4xx_hal_dma.o
    0x08003db4   0x08003db4   0x00000092   Code   RO         1515    i.HAL_DMA_Start_IT  stm32f4xx_hal_dma.o
    0x08003e46   0x08003e46   0x00000002   PAD
    0x08003e48   0x08003e48   0x00000028   Code   RO         1947    i.HAL_Delay         stm32f4xx_hal.o
    0x08003e70   0x08003e70   0x000001f4   Code   RO         1398    i.HAL_GPIO_Init     stm32f4xx_hal_gpio.o
    0x08004064   0x08004064   0x0000000c   Code   RO         1402    i.HAL_GPIO_WritePin  stm32f4xx_hal_gpio.o
    0x08004070   0x08004070   0x0000000c   Code   RO         1953    i.HAL_GetTick       stm32f4xx_hal.o
    0x0800407c   0x0800407c   0x00000018   Code   RO         1959    i.HAL_IncTick       stm32f4xx_hal.o
    0x08004094   0x08004094   0x0000003c   Code   RO         1960    i.HAL_Init          stm32f4xx_hal.o
    0x080040d0   0x080040d0   0x0000004c   Code   RO         1961    i.HAL_InitTick      stm32f4xx_hal.o
    0x0800411c   0x0800411c   0x00000048   Code   RO          740    i.HAL_MspInit       stm32f4xx_hal_msp.o
    0x08004164   0x08004164   0x00000028   Code   RO         1790    i.HAL_NVIC_EnableIRQ  stm32f4xx_hal_cortex.o
    0x0800418c   0x0800418c   0x0000007c   Code   RO         1796    i.HAL_NVIC_SetPriority  stm32f4xx_hal_cortex.o
    0x08004208   0x08004208   0x00000028   Code   RO         1797    i.HAL_NVIC_SetPriorityGrouping  stm32f4xx_hal_cortex.o
    0x08004230   0x08004230   0x00000184   Code   RO          999    i.HAL_RCC_ClockConfig  stm32f4xx_hal_rcc.o
    0x080043b4   0x080043b4   0x0000000c   Code   RO         1004    i.HAL_RCC_GetHCLKFreq  stm32f4xx_hal_rcc.o
    0x080043c0   0x080043c0   0x00000020   Code   RO         1006    i.HAL_RCC_GetPCLK1Freq  stm32f4xx_hal_rcc.o
    0x080043e0   0x080043e0   0x00000020   Code   RO         1007    i.HAL_RCC_GetPCLK2Freq  stm32f4xx_hal_rcc.o
    0x08004400   0x08004400   0x000000b0   Code   RO         1008    i.HAL_RCC_GetSysClockFreq  stm32f4xx_hal_rcc.o
    0x080044b0   0x080044b0   0x0000049c   Code   RO         1011    i.HAL_RCC_OscConfig  stm32f4xx_hal_rcc.o
    0x0800494c   0x0800494c   0x00000034   Code   RO         1801    i.HAL_SYSTICK_Config  stm32f4xx_hal_cortex.o
    0x08004980   0x08004980   0x00000002   Code   RO         2915    i.HAL_TIMEx_BreakCallback  stm32f4xx_hal_tim_ex.o
    0x08004982   0x08004982   0x00000002   Code   RO         2916    i.HAL_TIMEx_CommutCallback  stm32f4xx_hal_tim_ex.o
    0x08004984   0x08004984   0x000000b4   Code   RO         2934    i.HAL_TIMEx_MasterConfigSynchronization  stm32f4xx_hal_tim_ex.o
    0x08004a38   0x08004a38   0x00000066   Code   RO         2200    i.HAL_TIM_Base_Init  stm32f4xx_hal_tim.o
    0x08004a9e   0x08004a9e   0x00000002   PAD
    0x08004aa0   0x08004aa0   0x00000074   Code   RO          487    i.HAL_TIM_Base_MspInit  tim.o
    0x08004b14   0x08004b14   0x000000a8   Code   RO         2205    i.HAL_TIM_Base_Start_IT  stm32f4xx_hal_tim.o
    0x08004bbc   0x08004bbc   0x00000002   Code   RO         2234    i.HAL_TIM_IC_CaptureCallback  stm32f4xx_hal_tim.o
    0x08004bbe   0x08004bbe   0x0000016c   Code   RO         2248    i.HAL_TIM_IRQHandler  stm32f4xx_hal_tim.o
    0x08004d2a   0x08004d2a   0x00000002   Code   RO         2251    i.HAL_TIM_OC_DelayElapsedCallback  stm32f4xx_hal_tim.o
    0x08004d2c   0x08004d2c   0x00000002   Code   RO         2278    i.HAL_TIM_PWM_PulseFinishedCallback  stm32f4xx_hal_tim.o
    0x08004d2e   0x08004d2e   0x00000002   PAD
    0x08004d30   0x08004d30   0x000005a8   Code   RO           14    i.HAL_TIM_PeriodElapsedCallback  main.o
    0x080052d8   0x080052d8   0x00000002   Code   RO         2291    i.HAL_TIM_TriggerCallback  stm32f4xx_hal_tim.o
    0x080052da   0x080052da   0x00000072   Code   RO         3192    i.HAL_UARTEx_ReceiveToIdle_DMA  stm32f4xx_hal_uart.o
    0x0800534c   0x0800534c   0x00000058   Code   RO         3675    i.HAL_UARTEx_RxEventCallback  usart_app.o
    0x080053a4   0x080053a4   0x0000008a   Code   RO         3206    i.HAL_UART_DMAStop  stm32f4xx_hal_uart.o
    0x0800542e   0x0800542e   0x00000002   PAD
    0x08005430   0x08005430   0x00000024   Code   RO           15    i.HAL_UART_ErrorCallback  main.o
    0x08005454   0x08005454   0x000002e8   Code   RO         3211    i.HAL_UART_IRQHandler  stm32f4xx_hal_uart.o
    0x0800573c   0x0800573c   0x00000076   Code   RO         3212    i.HAL_UART_Init     stm32f4xx_hal_uart.o
    0x080057b2   0x080057b2   0x00000002   PAD
    0x080057b4   0x080057b4   0x000002b0   Code   RO          535    i.HAL_UART_MspInit  usart.o
    0x08005a64   0x08005a64   0x0000002c   Code   RO         3216    i.HAL_UART_Receive_DMA  stm32f4xx_hal_uart.o
    0x08005a90   0x08005a90   0x000000dc   Code   RO           16    i.HAL_UART_RxCpltCallback  main.o
    0x08005b6c   0x08005b6c   0x00000002   Code   RO         3219    i.HAL_UART_RxHalfCpltCallback  stm32f4xx_hal_uart.o
    0x08005b6e   0x08005b6e   0x00000002   Code   RO         3223    i.HAL_UART_TxCpltCallback  stm32f4xx_hal_uart.o
    0x08005b70   0x08005b70   0x00000004   Code   RO          597    i.HardFault_Handler  stm32f4xx_it.o
    0x08005b74   0x08005b74   0x00000044   Code   RO          415    i.MX_CAN1_Init      can.o
    0x08005bb8   0x08005bb8   0x00000044   Code   RO          416    i.MX_CAN2_Init      can.o
    0x08005bfc   0x08005bfc   0x00000078   Code   RO          462    i.MX_DMA_Init       dma.o
    0x08005c74   0x08005c74   0x000000d4   Code   RO          274    i.MX_GPIO_Init      gpio.o
    0x08005d48   0x08005d48   0x0000004c   Code   RO          488    i.MX_TIM6_Init      tim.o
    0x08005d94   0x08005d94   0x0000004c   Code   RO          489    i.MX_TIM7_Init      tim.o
    0x08005de0   0x08005de0   0x00000040   Code   RO          536    i.MX_USART1_UART_Init  usart.o
    0x08005e20   0x08005e20   0x00000038   Code   RO          537    i.MX_USART2_UART_Init  usart.o
    0x08005e58   0x08005e58   0x00000038   Code   RO          538    i.MX_USART6_UART_Init  usart.o
    0x08005e90   0x08005e90   0x00000004   Code   RO          598    i.MemManage_Handler  stm32f4xx_it.o
    0x08005e94   0x08005e94   0x00000004   Code   RO          599    i.NMI_Handler       stm32f4xx_it.o
    0x08005e98   0x08005e98   0x00000028   Code   RO         4877    i.OLED_Clear        oled.o
    0x08005ec0   0x08005ec0   0x00000090   Code   RO         4878    i.OLED_ClearArea    oled.o
    0x08005f50   0x08005f50   0x00000028   Code   RO         4886    i.OLED_GPIO_Init    oled.o
    0x08005f78   0x08005f78   0x0000003e   Code   RO         4888    i.OLED_I2C_SendByte  oled.o
    0x08005fb6   0x08005fb6   0x0000001c   Code   RO         4889    i.OLED_I2C_Start    oled.o
    0x08005fd2   0x08005fd2   0x00000016   Code   RO         4890    i.OLED_I2C_Stop     oled.o
    0x08005fe8   0x08005fe8   0x0000009a   Code   RO         4891    i.OLED_Init         oled.o
    0x08006082   0x08006082   0x00000032   Code   RO         4894    i.OLED_Printf       oled.o
    0x080060b4   0x080060b4   0x00000022   Code   RO         4897    i.OLED_SetCursor    oled.o
    0x080060d6   0x080060d6   0x00000002   PAD
    0x080060d8   0x080060d8   0x00000054   Code   RO         4899    i.OLED_ShowChar     oled.o
    0x0800612c   0x0800612c   0x000000fc   Code   RO         4902    i.OLED_ShowImage    oled.o
    0x08006228   0x08006228   0x000001c4   Code   RO         4905    i.OLED_ShowString   oled.o
    0x080063ec   0x080063ec   0x00000028   Code   RO         4906    i.OLED_Update       oled.o
    0x08006414   0x08006414   0x00000028   Code   RO         4908    i.OLED_W_SCL        oled.o
    0x0800643c   0x0800643c   0x00000028   Code   RO         4909    i.OLED_W_SDA        oled.o
    0x08006464   0x08006464   0x00000020   Code   RO         4910    i.OLED_WriteCommand  oled.o
    0x08006484   0x08006484   0x0000002e   Code   RO         4911    i.OLED_WriteData    oled.o
    0x080064b2   0x080064b2   0x00000002   Code   RO          600    i.PendSV_Handler    stm32f4xx_it.o
    0x080064b4   0x080064b4   0x00000002   Code   RO          601    i.SVC_Handler       stm32f4xx_it.o
    0x080064b6   0x080064b6   0x00000008   Code   RO          602    i.SysTick_Handler   stm32f4xx_it.o
    0x080064be   0x080064be   0x00000002   PAD
    0x080064c0   0x080064c0   0x000000b8   Code   RO           17    i.SystemClock_Config  main.o
    0x08006578   0x08006578   0x00000014   Code   RO         3556    i.SystemInit        system_stm32f4xx.o
    0x0800658c   0x0800658c   0x00000010   Code   RO          603    i.TIM6_DAC_IRQHandler  stm32f4xx_it.o
    0x0800659c   0x0800659c   0x000000e8   Code   RO         2293    i.TIM_Base_SetConfig  stm32f4xx_hal_tim.o
    0x08006684   0x08006684   0x00000014   Code   RO         3225    i.UART_DMAAbortOnError  stm32f4xx_hal_uart.o
    0x08006698   0x08006698   0x00000050   Code   RO         3226    i.UART_DMAError     stm32f4xx_hal_uart.o
    0x080066e8   0x080066e8   0x000000b4   Code   RO         3227    i.UART_DMAReceiveCplt  stm32f4xx_hal_uart.o
    0x0800679c   0x0800679c   0x00000024   Code   RO         3229    i.UART_DMARxHalfCplt  stm32f4xx_hal_uart.o
    0x080067c0   0x080067c0   0x0000006c   Code   RO         3235    i.UART_EndRxTransfer  stm32f4xx_hal_uart.o
    0x0800682c   0x0800682c   0x00000020   Code   RO         3236    i.UART_EndTransmit_IT  stm32f4xx_hal_uart.o
    0x0800684c   0x0800684c   0x00000026   Code   RO         3237    i.UART_EndTxTransfer  stm32f4xx_hal_uart.o
    0x08006872   0x08006872   0x000000fc   Code   RO         3238    i.UART_Receive_IT   stm32f4xx_hal_uart.o
    0x0800696e   0x0800696e   0x00000002   PAD
    0x08006970   0x08006970   0x0000022c   Code   RO         3239    i.UART_SetConfig    stm32f4xx_hal_uart.o
    0x08006b9c   0x08006b9c   0x000000c8   Code   RO         3240    i.UART_Start_Receive_DMA  stm32f4xx_hal_uart.o
    0x08006c64   0x08006c64   0x00000060   Code   RO         3242    i.UART_Transmit_IT  stm32f4xx_hal_uart.o
    0x08006cc4   0x08006cc4   0x00000010   Code   RO          604    i.USART1_IRQHandler  stm32f4xx_it.o
    0x08006cd4   0x08006cd4   0x00000010   Code   RO          605    i.USART2_IRQHandler  stm32f4xx_it.o
    0x08006ce4   0x08006ce4   0x00000010   Code   RO          606    i.USART6_IRQHandler  stm32f4xx_it.o
    0x08006cf4   0x08006cf4   0x00000004   Code   RO          607    i.UsageFault_Handler  stm32f4xx_it.o
    0x08006cf8   0x08006cf8   0x00000030   Code   RO         5512    i.__ARM_fpclassify  m_wm.l(fpclassify.o)
    0x08006d28   0x08006d28   0x00000026   Code   RO         5444    i.__ARM_fpclassifyf  m_wm.l(fpclassifyf.o)
    0x08006d4e   0x08006d4e   0x00000002   PAD
    0x08006d50   0x08006d50   0x00000010   Code   RO         1803    i.__NVIC_GetPriorityGrouping  stm32f4xx_hal_cortex.o
    0x08006d60   0x08006d60   0x00000028   Code   RO         1804    i.__NVIC_SetPriority  stm32f4xx_hal_cortex.o
    0x08006d88   0x08006d88   0x00000118   Code   RO         5195    i.__hardfp_acosf    m_wm.l(acosf.o)
    0x08006ea0   0x08006ea0   0x000002ac   Code   RO         5219    i.__hardfp_atan2f   m_wm.l(atan2f.o)
    0x0800714c   0x0800714c   0x00000150   Code   RO         5231    i.__hardfp_cosf     m_wm.l(cosf.o)
    0x0800729c   0x0800729c   0x000000b0   Code   RO         5249    i.__hardfp_fmodf    m_wm.l(fmodf.o)
    0x0800734c   0x0800734c   0x00000190   Code   RO         5265    i.__hardfp_sinf     m_wm.l(sinf.o)
    0x080074dc   0x080074dc   0x0000003a   Code   RO         5277    i.__hardfp_sqrtf    m_wm.l(sqrtf.o)
    0x08007516   0x08007516   0x00000006   Code   RO         5447    i.__mathlib_flt_infnan  m_wm.l(funder.o)
    0x0800751c   0x0800751c   0x00000006   Code   RO         5448    i.__mathlib_flt_infnan2  m_wm.l(funder.o)
    0x08007522   0x08007522   0x00000002   PAD
    0x08007524   0x08007524   0x00000010   Code   RO         5449    i.__mathlib_flt_invalid  m_wm.l(funder.o)
    0x08007534   0x08007534   0x00000010   Code   RO         5452    i.__mathlib_flt_underflow  m_wm.l(funder.o)
    0x08007544   0x08007544   0x00000154   Code   RO         5461    i.__mathlib_rredf2  m_wm.l(rredf.o)
    0x08007698   0x08007698   0x0000000e   Code   RO         5356    i._is_digit         c_w.l(__printf_wp.o)
    0x080076a6   0x080076a6   0x00000046   Code   RO         4413    i.bezier_se         walk.o
    0x080076ec   0x080076ec   0x00000078   Code   RO         4525    i.can_filter_init   gld_can.o
    0x08007764   0x08007764   0x00000420   Code   RO         3748    i.dog_Go_int        yushu_app.o
    0x08007b84   0x08007b84   0x00000ce8   Code   RO         3752    i.dog_back_bit_still  yushu_app.o
    0x0800886c   0x0800886c   0x000001b0   Code   RO         3753    i.dog_back_bit_still_int  yushu_app.o
    0x08008a1c   0x08008a1c   0x00000228   Code   RO         3754    i.dog_back_bit_still_out  yushu_app.o
    0x08008c44   0x08008c44   0x00000cf4   Code   RO         3755    i.dog_back_mid      yushu_app.o
    0x08009938   0x08009938   0x000001ac   Code   RO         3756    i.dog_back_mid_int  yushu_app.o
    0x08009ae4   0x08009ae4   0x00000224   Code   RO         3757    i.dog_back_mid_out  yushu_app.o
    0x08009d08   0x08009d08   0x00000674   Code   RO         3763    i.dog_bunny_jump_force  yushu_app.o
    0x0800a37c   0x0800a37c   0x000006a8   Code   RO         3767    i.dog_bunny_jump_forward2  yushu_app.o
    0x0800aa24   0x0800aa24   0x000006a0   Code   RO         3769    i.dog_bunny_jump_forward7  yushu_app.o
    0x0800b0c4   0x0800b0c4   0x0000086c   Code   RO         3770    i.dog_bunny_jump_up  yushu_app.o
    0x0800b930   0x0800b930   0x00000040   Code   RO         3772    i.dog_double_jump_force2  yushu_app.o
    0x0800b970   0x0800b970   0x00000ce8   Code   RO         3777    i.dog_forward_bit_still  yushu_app.o
    0x0800c658   0x0800c658   0x000001b0   Code   RO         3778    i.dog_forward_bit_still_int  yushu_app.o
    0x0800c808   0x0800c808   0x00000228   Code   RO         3779    i.dog_forward_bit_still_out  yushu_app.o
    0x0800ca30   0x0800ca30   0x00000cf4   Code   RO         3780    i.dog_forward_mid   yushu_app.o
    0x0800d724   0x0800d724   0x000001ac   Code   RO         3781    i.dog_forward_mid_int  yushu_app.o
    0x0800d8d0   0x0800d8d0   0x00000224   Code   RO         3782    i.dog_forward_mid_out  yushu_app.o
    0x0800daf4   0x0800daf4   0x00000864   Code   RO         3783    i.dog_forward_rear  yushu_app.o
    0x0800e358   0x0800e358   0x00000104   Code   RO         3784    i.dog_forward_rear_int  yushu_app.o
    0x0800e45c   0x0800e45c   0x00000140   Code   RO         3788    i.dog_forward_rear_out  yushu_app.o
    0x0800e59c   0x0800e59c   0x000006bc   Code   RO         3793    i.dog_jump          yushu_app.o
    0x0800ec58   0x0800ec58   0x00000398   Code   RO         3794    i.dog_jump2         yushu_app.o
    0x0800eff0   0x0800eff0   0x000008e4   Code   RO         3797    i.dog_jump_force10  yushu_app.o
    0x0800f8d4   0x0800f8d4   0x00000ce8   Code   RO         3801    i.dog_left_bit_still  yushu_app.o
    0x080105bc   0x080105bc   0x000001b0   Code   RO         3802    i.dog_left_bit_still_int  yushu_app.o
    0x0801076c   0x0801076c   0x00000228   Code   RO         3803    i.dog_left_bit_still_out  yushu_app.o
    0x08010994   0x08010994   0x00000cf8   Code   RO         3804    i.dog_left_mid      yushu_app.o
    0x0801168c   0x0801168c   0x000001b0   Code   RO         3805    i.dog_left_mid_int  yushu_app.o
    0x0801183c   0x0801183c   0x00000228   Code   RO         3806    i.dog_left_mid_out  yushu_app.o
    0x08011a64   0x08011a64   0x00000864   Code   RO         3807    i.dog_left_rear     yushu_app.o
    0x080122c8   0x080122c8   0x00000104   Code   RO         3808    i.dog_left_rear_int  yushu_app.o
    0x080123cc   0x080123cc   0x00000140   Code   RO         3809    i.dog_left_rear_out  yushu_app.o
    0x0801250c   0x0801250c   0x000002e4   Code   RO         3814    i.dog_rear_flip     yushu_app.o
    0x080127f0   0x080127f0   0x000002e4   Code   RO         3815    i.dog_rear_leg      yushu_app.o
    0x08012ad4   0x08012ad4   0x00000860   Code   RO         3816    i.dog_rear_mid      yushu_app.o
    0x08013334   0x08013334   0x00000100   Code   RO         3817    i.dog_rear_mid_int  yushu_app.o
    0x08013434   0x08013434   0x0000013c   Code   RO         3818    i.dog_rear_mid_out  yushu_app.o
    0x08013570   0x08013570   0x00000ce8   Code   RO         3822    i.dog_right_bit_still  yushu_app.o
    0x08014258   0x08014258   0x000001b0   Code   RO         3823    i.dog_right_bit_still_int  yushu_app.o
    0x08014408   0x08014408   0x00000228   Code   RO         3824    i.dog_right_bit_still_out  yushu_app.o
    0x08014630   0x08014630   0x00000cf8   Code   RO         3825    i.dog_right_mid     yushu_app.o
    0x08015328   0x08015328   0x000001b0   Code   RO         3826    i.dog_right_mid_int  yushu_app.o
    0x080154d8   0x080154d8   0x00000228   Code   RO         3827    i.dog_right_mid_out  yushu_app.o
    0x08015700   0x08015700   0x00000864   Code   RO         3828    i.dog_right_rear    yushu_app.o
    0x08015f64   0x08015f64   0x00000104   Code   RO         3829    i.dog_right_rear_int  yushu_app.o
    0x08016068   0x08016068   0x00000140   Code   RO         3830    i.dog_right_rear_out  yushu_app.o
    0x080161a8   0x080161a8   0x0000015c   Code   RO           18    i.dog_small_still   main.o
    0x08016304   0x08016304   0x000001a8   Code   RO           19    i.dog_small_still2  main.o
    0x080164ac   0x080164ac   0x000002b4   Code   RO         3837    i.dog_squat_int     yushu_app.o
    0x08016760   0x08016760   0x0000024c   Code   RO         3838    i.dog_squat_int_still  yushu_app.o
    0x080169ac   0x080169ac   0x000002b4   Code   RO         3839    i.dog_squat_out     yushu_app.o
    0x08016c60   0x08016c60   0x00000340   Code   RO         3844    i.dog_start         yushu_app.o
    0x08016fa0   0x08016fa0   0x0000005c   Code   RO         3846    i.dog_treble_jump_force2  yushu_app.o
    0x08016ffc   0x08016ffc   0x00001060   Code   RO           20    i.main              main.o
    0x0801805c   0x0801805c   0x0000003c   Code   RO         4707    i.rt_ringbuffer_data_len  ringbuffer.o
    0x08018098   0x08018098   0x00000094   Code   RO         4710    i.rt_ringbuffer_init  ringbuffer.o
    0x0801812c   0x0801812c   0x000000f0   Code   RO         4712    i.rt_ringbuffer_put  ringbuffer.o
    0x0801821c   0x0801821c   0x0000002a   Code   RO         4717    i.rt_ringbuffer_status  ringbuffer.o
    0x08018246   0x08018246   0x00000002   PAD
    0x08018248   0x08018248   0x00000058   Code   RO         4414    i.sample_foot_pos   walk.o
    0x080182a0   0x080182a0   0x0000003e   Code   RO         5279    i.sqrtf             m_wm.l(sqrtf.o)
    0x080182de   0x080182de   0x00000002   PAD
    0x080182e0   0x080182e0   0x00000078   Code   RO         4415    i.stance_traj       walk.o
    0x08018358   0x08018358   0x000000d4   Code   RO         4416    i.swing_traj        walk.o
    0x0801842c   0x0801842c   0x0000003c   Code   RO         3678    i.uart_init         usart_app.o
    0x08018468   0x08018468   0x000000c0   Code   RO         4526    i.unitree_CAN_Send  gld_can.o
    0x08018528   0x08018528   0x00000144   Code   RO         4527    i.unitree_CAN_receive  gld_can.o
    0x0801866c   0x0801866c   0x0000001a   Code   RO         4528    i.unitree_setpara   gld_can.o
    0x08018686   0x08018686   0x00000002   PAD
    0x08018688   0x08018688   0x00000038   Code   RO         4417    i.walk_enter        walk.o
    0x080186c0   0x080186c0   0x00000240   Code   RO         4418    i.walk_run          walk.o
    0x08018900   0x08018900   0x0000002c   Code   RO         5561    locale$$code        c_w.l(lc_numeric_c.o)
    0x0801892c   0x0801892c   0x0000002c   Code   RO         5584    locale$$code        c_w.l(lc_ctype_c.o)
    0x08018958   0x08018958   0x00000062   Code   RO         5159    x$fpl$d2f           fz_wm.l(d2f.o)
    0x080189ba   0x080189ba   0x00000002   PAD
    0x080189bc   0x080189bc   0x00000150   Code   RO         5161    x$fpl$dadd          fz_wm.l(daddsub_clz.o)
    0x08018b0c   0x08018b0c   0x00000018   Code   RO         5393    x$fpl$dcmpinf       fz_wm.l(dcmpi.o)
    0x08018b24   0x08018b24   0x00000078   Code   RO         5171    x$fpl$deqf          fz_wm.l(deqf.o)
    0x08018b9c   0x08018b9c   0x00000078   Code   RO         5187    x$fpl$dleqf         fz_wm.l(dleqf.o)
    0x08018c14   0x08018c14   0x00000154   Code   RO         5189    x$fpl$dmul          fz_wm.l(dmul.o)
    0x08018d68   0x08018d68   0x0000009c   Code   RO         5395    x$fpl$dnaninf       fz_wm.l(dnaninf.o)
    0x08018e04   0x08018e04   0x0000000c   Code   RO         5397    x$fpl$dretinf       fz_wm.l(dretinf.o)
    0x08018e10   0x08018e10   0x0000006c   Code   RO         5191    x$fpl$drleqf        fz_wm.l(drleqf.o)
    0x08018e7c   0x08018e7c   0x00000016   Code   RO         5162    x$fpl$drsb          fz_wm.l(daddsub_clz.o)
    0x08018e92   0x08018e92   0x00000002   PAD
    0x08018e94   0x08018e94   0x000001d4   Code   RO         5163    x$fpl$dsub          fz_wm.l(daddsub_clz.o)
    0x08019068   0x08019068   0x00000056   Code   RO         5193    x$fpl$f2d           fz_wm.l(f2d.o)
    0x080190be   0x080190be   0x0000008c   Code   RO         5401    x$fpl$fnaninf       fz_wm.l(fnaninf.o)
    0x0801914a   0x0801914a   0x0000000a   Code   RO         5648    x$fpl$fpinit        fz_wm.l(fpinit.o)
    0x08019154   0x08019154   0x000000f4   Code   RO         5403    x$fpl$frem          fz_wm.l(frem_clz.o)
    0x08019248   0x08019248   0x0000000a   Code   RO         5405    x$fpl$fretinf       fz_wm.l(fretinf.o)
    0x08019252   0x08019252   0x00000004   Code   RO         5407    x$fpl$printf1       fz_wm.l(printf1.o)
    0x08019256   0x08019256   0x00000004   Code   RO         5409    x$fpl$printf2       fz_wm.l(printf2.o)
    0x0801925a   0x0801925a   0x00000000   Code   RO         5415    x$fpl$usenofp       fz_wm.l(usenofp.o)
    0x0801925a   0x0801925a   0x00000002   PAD
    0x0801925c   0x0801925c   0x00000020   Data   RO           22    .constdata          main.o
    0x0801927c   0x0801927c   0x00000008   Data   RO         1517    .constdata          stm32f4xx_hal_dma.o
    0x08019284   0x08019284   0x00000018   Data   RO         3557    .constdata          system_stm32f4xx.o
    0x0801929c   0x0801929c   0x00000140   Data   RO         3849    .constdata          yushu_app.o
    0x080193dc   0x080193dc   0x00000060   Data   RO         4796    .constdata          dog.o
    0x0801943c   0x0801943c   0x0000092d   Data   RO         5122    .constdata          oled_data.o
    0x08019d69   0x08019d69   0x00000003   PAD
    0x08019d6c   0x08019d6c   0x00000008   Data   RO         5315    .constdata          c_w.l(_printf_wctomb.o)
    0x08019d74   0x08019d74   0x00000028   Data   RO         5344    .constdata          c_w.l(_printf_hex_int_ll_ptr.o)
    0x08019d9c   0x08019d9c   0x00000011   Data   RO         5364    .constdata          c_w.l(__printf_flags_ss_wp.o)
    0x08019dad   0x08019dad   0x00000003   PAD
    0x08019db0   0x08019db0   0x00000020   Data   RO         5462    .constdata          m_wm.l(rredf.o)
    0x08019dd0   0x08019dd0   0x00000026   Data   RO         5497    .constdata          c_w.l(_printf_fp_hex.o)
    0x08019df6   0x08019df6   0x00000002   PAD
    0x08019df8   0x08019df8   0x00000094   Data   RO         5536    .constdata          c_w.l(bigflt0.o)
    0x08019e8c   0x08019e8c   0x00000020   Data   RO         5697    Region$$Table       anon$$obj.o
    0x08019eac   0x08019eac   0x0000001c   Data   RO         5560    locale$$data        c_w.l(lc_numeric_c.o)
    0x08019ec8   0x08019ec8   0x00000110   Data   RO         5583    locale$$data        c_w.l(lc_ctype_c.o)


    Execution Region RW_IRAM1 (Exec base: 0x20000000, Load base: 0x08019fd8, Size: 0x00001700, Max: 0x0001c000, ABSOLUTE, COMPRESSED[0x0000010c])

    Exec Addr    Load Addr    Size         Type   Attr      Idx    E Section Name        Object

    0x20000000   COMPRESSED   0x00000075   Data   RW           23    .data               main.o
    0x20000075   COMPRESSED   0x00000003   PAD
    0x20000078   COMPRESSED   0x00000004   Data   RW          418    .data               can.o
    0x2000007c   COMPRESSED   0x00000009   Data   RW         1967    .data               stm32f4xx_hal.o
    0x20000085   COMPRESSED   0x00000003   PAD
    0x20000088   COMPRESSED   0x00000004   Data   RW         3558    .data               system_stm32f4xx.o
    0x2000008c   COMPRESSED   0x00000004   PAD
    0x20000090   COMPRESSED   0x00000154   Data   RW         3850    .data               yushu_app.o
    0x200001e4   COMPRESSED   0x0000000c   Data   RW         4380    .data               dwt_timing.o
    0x200001f0   COMPRESSED   0x0000004c   Data   RW         4420    .data               walk.o
    0x2000023c   COMPRESSED   0x00000013   Data   RW         4529    .data               gld_can.o
    0x2000024f   COMPRESSED   0x00000001   PAD
    0x20000250        -       0x00000410   Zero   RW           21    .bss                main.o
    0x20000660        -       0x00000050   Zero   RW          417    .bss                can.o
    0x200006b0        -       0x00000090   Zero   RW          490    .bss                tim.o
    0x20000740        -       0x000001f8   Zero   RW          539    .bss                usart.o
    0x20000938        -       0x0000010b   Zero   RW         3680    .bss                usart_app.o
    0x20000a43   COMPRESSED   0x00000005   PAD
    0x20000a48        -       0x00000060   Zero   RW         3848    .bss                yushu_app.o
    0x20000aa8        -       0x00000010   Zero   RW         4419    .bss                walk.o
    0x20000ab8        -       0x000001e8   Zero   RW         4795    .bss                dog.o
    0x20000ca0        -       0x00000400   Zero   RW         4913    .bss                oled.o
    0x200010a0        -       0x00000060   Zero   RW         5517    .bss                c_w.l(libspace.o)
    0x20001100        -       0x00000200   Zero   RW            2    HEAP                startup_stm32f407xx.o
    0x20001300        -       0x00000400   Zero   RW            1    STACK               startup_stm32f407xx.o


    Execution Region RW_IRAM2 (Exec base: 0x2001c000, Load base: 0x0801a0e4, Size: 0x00000000, Max: 0x00004000, ABSOLUTE)

    **** No section assigned to this execution region ****


==============================================================================

Image component sizes


      Code (inc. data)   RO Data    RW Data    ZI Data      Debug   Object Name

       520         44          0          4         80       2410   can.o
       120          6          0          0          0        802   dma.o
      2838        154         96          0        488      10502   dog.o
       160         46          0         12          0       1225   dwt_timing.o
        88         10          0          0          0       1386   for_out.o
      1402        120          0         19          0     577397   gld_can.o
       212         10          0          0          0     697487   gpio.o
      6858        482         32        117       1040     710883   main.o
      1560         44          0          0       1024      11405   oled.o
         0          0       2349          0          0       1084   oled_data.o
       490        122          0          0          0       4059   ringbuffer.o
         0          0          0          0          0       2143   scheduler.o
        64         26        392          0       1536        832   startup_stm32f407xx.o
       212         36          0          9          0       9321   stm32f4xx_hal.o
      2148          6          0          0          0      14191   stm32f4xx_hal_can.o
       312         22          0          0          0      34263   stm32f4xx_hal_cortex.o
      1436         16          8          0          0       6938   stm32f4xx_hal_dma.o
       512         46          0          0          0       2084   stm32f4xx_hal_gpio.o
        72          4          0          0          0        842   stm32f4xx_hal_msp.o
      1820         84          0          0          0       5544   stm32f4xx_hal_rcc.o
       874         76          0          0          0       5971   stm32f4xx_hal_tim.o
       184         30          0          0          0       2485   stm32f4xx_hal_tim_ex.o
      2760         28          0          0          0      14484   stm32f4xx_hal_uart.o
       210         66          0          0          0       9538   stm32f4xx_it.o
        20          6         24          4          0       1103   system_stm32f4xx.o
       268         32          0          0        144       2183   tim.o
       864         84          0          0        504       3349   usart.o
       148         42          0          0        267       4965   usart_app.o
      1122         62          0         76         16       5637   walk.o
     62868       5920        320        340         96      45563   yushu_app.o

    ----------------------------------------------------------------------
     90172       7624       3256        592       5200    2190076   Object Totals
         0          0         32          0          0          0   (incl. Generated)
        30          0          3         11          5          0   (incl. Padding)

    ----------------------------------------------------------------------

      Code (inc. data)   RO Data    RW Data    ZI Data      Debug   Library Member Name

        90          0          0          0          0          0   __dczerorl2.o
         8          0          0          0          0         68   __main.o
       392          4         17          0          0         92   __printf_flags_ss_wp.o
        14          0          0          0          0         68   __printf_wp.o
         0          0          0          0          0          0   __rtentry.o
        12          0          0          0          0          0   __rtentry2.o
         6          0          0          0          0          0   __rtentry4.o
        52          8          0          0          0          0   __scatter.o
        28          0          0          0          0          0   __scatter_zi.o
         6          0          0          0          0          0   _printf_a.o
         6          0          0          0          0          0   _printf_c.o
        44          0          0          0          0        108   _printf_char.o
        48          6          0          0          0         96   _printf_char_common.o
        40          0          0          0          0         68   _printf_charcount.o
         6          0          0          0          0          0   _printf_d.o
       120         16          0          0          0         92   _printf_dec.o
         6          0          0          0          0          0   _printf_e.o
         6          0          0          0          0          0   _printf_f.o
      1054          0          0          0          0        216   _printf_fp_dec.o
       764          8         38          0          0        100   _printf_fp_hex.o
       128         16          0          0          0         84   _printf_fp_infnan.o
         6          0          0          0          0          0   _printf_g.o
       148          4         40          0          0        160   _printf_hex_int_ll_ptr.o
         6          0          0          0          0          0   _printf_i.o
       178          0          0          0          0         88   _printf_intcommon.o
        10          0          0          0          0          0   _printf_l.o
         6          0          0          0          0          0   _printf_lc.o
        10          0          0          0          0          0   _printf_ll.o
         6          0          0          0          0          0   _printf_lld.o
         6          0          0          0          0          0   _printf_lli.o
         6          0          0          0          0          0   _printf_llo.o
         6          0          0          0          0          0   _printf_llu.o
         6          0          0          0          0          0   _printf_llx.o
       124         16          0          0          0         92   _printf_longlong_dec.o
         6          0          0          0          0          0   _printf_ls.o
         6          0          0          0          0          0   _printf_n.o
         6          0          0          0          0          0   _printf_o.o
       112         10          0          0          0        124   _printf_oct_int_ll.o
         6          0          0          0          0          0   _printf_p.o
        78          0          0          0          0        108   _printf_pad.o
         0          0          0          0          0          0   _printf_percent.o
         4          0          0          0          0          0   _printf_percent_end.o
         6          0          0          0          0          0   _printf_s.o
        82          0          0          0          0         80   _printf_str.o
        36          0          0          0          0         84   _printf_truncate.o
         6          0          0          0          0          0   _printf_u.o
        44          0          0          0          0        108   _printf_wchar.o
       188          6          8          0          0         92   _printf_wctomb.o
         6          0          0          0          0          0   _printf_x.o
        22          0          0          0          0        100   _rserrno.o
        10          0          0          0          0         68   _sputc.o
        64          0          0          0          0         92   _wcrtomb.o
        22          0          0          0          0         80   abort.o
       128         42          0          0          0         76   assert.o
        20          0          0          0          0         76   assert_puts.o
       228          4        148          0          0         96   bigflt0.o
      1936        128          0          0          0        672   btod.o
        48         34          0          0          0         76   defsig_abrt_inner.o
        14          0          0          0          0         80   defsig_abrt_outer.o
        10          0          0          0          0         68   defsig_exit.o
        50          0          0          0          0         88   defsig_general.o
        18          0          0          0          0         80   exit.o
         6          0          0          0          0        152   heapauxi.o
         0          0          0          0          0          0   indicate_semi.o
        44         10        272          0          0         76   lc_ctype_c.o
        44         10         28          0          0         76   lc_numeric_c.o
         2          0          0          0          0          0   libinit.o
        34          0          0          0          0          0   libinit2.o
         2          0          0          0          0          0   libshutdown.o
         2          0          0          0          0          0   libshutdown2.o
         8          4          0          0         96         68   libspace.o
       138          0          0          0          0         80   lludiv10.o
       238          0          0          0          0        100   lludivv7m.o
        16          4          0          0          0         76   rt_ctype_table.o
         8          4          0          0          0         68   rt_errno_addr_intlibspace.o
         8          4          0          0          0         68   rt_locale_intlibspace.o
        78          0          0          0          0         80   rt_memclr_w.o
       138          0          0          0          0         68   rt_memcpy_v6.o
       100          0          0          0          0         80   rt_memcpy_w.o
         2          0          0          0          0          0   rtexit.o
        10          0          0          0          0          0   rtexit2.o
       128          0          0          0          0         68   strcmpv7m.o
        12          4          0          0          0         68   sys_exit.o
        74          0          0          0          0         80   sys_stackheap_outer.o
        14          0          0          0          0         76   sys_wrch.o
         2          0          0          0          0         68   use_no_semi.o
        36          4          0          0          0         76   vsprintf.o
        98          4          0          0          0        140   d2f.o
       826         16          0          0          0        492   daddsub_clz.o
        24          0          0          0          0        116   dcmpi.o
       120          4          0          0          0        140   deqf.o
       120          4          0          0          0        140   dleqf.o
       340         12          0          0          0        152   dmul.o
       156          4          0          0          0        140   dnaninf.o
        12          0          0          0          0        116   dretinf.o
       108          0          0          0          0        128   drleqf.o
        86          4          0          0          0        132   f2d.o
       140          4          0          0          0        132   fnaninf.o
        10          0          0          0          0        116   fpinit.o
       244          8          0          0          0        132   frem_clz.o
        10          0          0          0          0        116   fretinf.o
         4          0          0          0          0        116   printf1.o
         4          0          0          0          0        116   printf2.o
         0          0          0          0          0          0   usenofp.o
       280         46          0          0          0        176   acosf.o
       684         90          0          0          0        208   atan2f.o
       336         56          0          0          0        136   cosf.o
       176          0          0          0          0        168   fmodf.o
        48          0          0          0          0        124   fpclassify.o
        38          0          0          0          0        116   fpclassifyf.o
        44         12          0          0          0        464   funder.o
       340         24         32          0          0        160   rredf.o
       400         56          0          0          0        212   sinf.o
       120          0          0          0          0        272   sqrtf.o

    ----------------------------------------------------------------------
     12440        690        588          0         96       9468   Library Totals
        24          0          5          0          0          0   (incl. Padding)

    ----------------------------------------------------------------------

      Code (inc. data)   RO Data    RW Data    ZI Data      Debug   Library Name

      7648        346        551          0         96       5008   c_w.l
      2302         60          0          0          0       2424   fz_wm.l
      2466        284         32          0          0       2036   m_wm.l

    ----------------------------------------------------------------------
     12440        690        588          0         96       9468   Library Totals

    ----------------------------------------------------------------------

==============================================================================


      Code (inc. data)   RO Data    RW Data    ZI Data      Debug   

    102612       8314       3844        592       5296    2173136   Grand Totals
    102612       8314       3844        268       5296    2173136   ELF Image Totals (compressed)
    102612       8314       3844        268          0          0   ROM Totals

==============================================================================

    Total RO  Size (Code + RO Data)               106456 ( 103.96kB)
    Total RW  Size (RW Data + ZI Data)              5888 (   5.75kB)
    Total ROM Size (Code + RO Data + RW Data)     106724 ( 104.22kB)

==============================================================================

